main.c:96:5:main	8	static
main.c:161:6:SystemClock_Config	88	static
main.c:207:13:MX_ADC1_Init	24	static
main.c:257:13:MX_ADC2_Init	24	static
main.c:307:13:MX_ADC3_Init	24	static
main.c:357:13:MX_TIM2_Init	56	static
main.c:406:13:MX_GPIO_Init	48	static
main.c:460:6:Update_Lcd	8	static
main.c:486:6:Display_Effect	16	static
main.c:499:6:Lcd_Start_Up	24	static
main.c:513:6:Get_Pot_Params	8	static
main.c:540:6:HAL_TIM_IC_CaptureCallback	16	static
main.c:549:6:Update_Encoder_State	16	static
main.c:572:6:Update_Position	4	static
main.c:586:6:Error_Handler	4	static,ignoring_inline_asm
