main.c:102:5:main	8	static
main.c:168:6:SystemClock_Config	88	static
main.c:214:13:MX_ADC1_Init	24	static
main.c:264:13:MX_ADC2_Init	24	static
main.c:314:13:MX_ADC3_Init	24	static
main.c:364:13:MX_TIM2_Init	56	static
main.c:413:13:MX_TIM3_Init	32	static
main.c:458:13:MX_GPIO_Init	48	static
main.c:522:6:Update_Lcd	8	static
main.c:548:6:Display_Effect	16	static
main.c:561:6:Lcd_Start_Up	24	static
main.c:575:6:Get_Pot_Params	8	static
main.c:603:6:HAL_TIM_IC_CaptureCallback	16	static
main.c:612:6:Update_Encoder_State	16	static
main.c:635:6:Update_Position	4	static
main.c:644:6:HAL_GPIO_EXTI_Callback	16	static
main.c:654:6:Error_Handler	4	static,ignoring_inline_asm
