Archive member included to satisfy reference by file (symbol)

c:/st/stm32cubeide_1.6.1/stm32cubeide/plugins/com.st.stm32cube.ide.mcu.externaltools.gnu-tools-for-stm32.9-2020-q2-update.win32_2.0.0.202105311346/tools/bin/../lib/gcc/arm-none-eabi/9.3.1/../../../../arm-none-eabi/lib/thumb/v7e-m+fp/hard\libc_nano.a(lib_a-errno.o)
                              ./Core/Src/syscalls.o (__errno)
c:/st/stm32cubeide_1.6.1/stm32cubeide/plugins/com.st.stm32cube.ide.mcu.externaltools.gnu-tools-for-stm32.9-2020-q2-update.win32_2.0.0.202105311346/tools/bin/../lib/gcc/arm-none-eabi/9.3.1/../../../../arm-none-eabi/lib/thumb/v7e-m+fp/hard\libc_nano.a(lib_a-exit.o)
                              c:/st/stm32cubeide_1.6.1/stm32cubeide/plugins/com.st.stm32cube.ide.mcu.externaltools.gnu-tools-for-stm32.9-2020-q2-update.win32_2.0.0.202105311346/tools/bin/../lib/gcc/arm-none-eabi/9.3.1/../../../../arm-none-eabi/lib/thumb/v7e-m+fp/hard/crt0.o (exit)
c:/st/stm32cubeide_1.6.1/stm32cubeide/plugins/com.st.stm32cube.ide.mcu.externaltools.gnu-tools-for-stm32.9-2020-q2-update.win32_2.0.0.202105311346/tools/bin/../lib/gcc/arm-none-eabi/9.3.1/../../../../arm-none-eabi/lib/thumb/v7e-m+fp/hard\libc_nano.a(lib_a-impure.o)
                              c:/st/stm32cubeide_1.6.1/stm32cubeide/plugins/com.st.stm32cube.ide.mcu.externaltools.gnu-tools-for-stm32.9-2020-q2-update.win32_2.0.0.202105311346/tools/bin/../lib/gcc/arm-none-eabi/9.3.1/../../../../arm-none-eabi/lib/thumb/v7e-m+fp/hard\libc_nano.a(lib_a-exit.o) (_global_impure_ptr)
c:/st/stm32cubeide_1.6.1/stm32cubeide/plugins/com.st.stm32cube.ide.mcu.externaltools.gnu-tools-for-stm32.9-2020-q2-update.win32_2.0.0.202105311346/tools/bin/../lib/gcc/arm-none-eabi/9.3.1/../../../../arm-none-eabi/lib/thumb/v7e-m+fp/hard\libc_nano.a(lib_a-init.o)
                              c:/st/stm32cubeide_1.6.1/stm32cubeide/plugins/com.st.stm32cube.ide.mcu.externaltools.gnu-tools-for-stm32.9-2020-q2-update.win32_2.0.0.202105311346/tools/bin/../lib/gcc/arm-none-eabi/9.3.1/../../../../arm-none-eabi/lib/thumb/v7e-m+fp/hard/crt0.o (__libc_init_array)
c:/st/stm32cubeide_1.6.1/stm32cubeide/plugins/com.st.stm32cube.ide.mcu.externaltools.gnu-tools-for-stm32.9-2020-q2-update.win32_2.0.0.202105311346/tools/bin/../lib/gcc/arm-none-eabi/9.3.1/../../../../arm-none-eabi/lib/thumb/v7e-m+fp/hard\libc_nano.a(lib_a-memset.o)
                              c:/st/stm32cubeide_1.6.1/stm32cubeide/plugins/com.st.stm32cube.ide.mcu.externaltools.gnu-tools-for-stm32.9-2020-q2-update.win32_2.0.0.202105311346/tools/bin/../lib/gcc/arm-none-eabi/9.3.1/../../../../arm-none-eabi/lib/thumb/v7e-m+fp/hard/crt0.o (memset)
c:/st/stm32cubeide_1.6.1/stm32cubeide/plugins/com.st.stm32cube.ide.mcu.externaltools.gnu-tools-for-stm32.9-2020-q2-update.win32_2.0.0.202105311346/tools/bin/../lib/gcc/arm-none-eabi/9.3.1/../../../../arm-none-eabi/lib/thumb/v7e-m+fp/hard\libc_nano.a(lib_a-strlen.o)
                              ./Core/Src/lcd16x2.o (strlen)
c:/st/stm32cubeide_1.6.1/stm32cubeide/plugins/com.st.stm32cube.ide.mcu.externaltools.gnu-tools-for-stm32.9-2020-q2-update.win32_2.0.0.202105311346/tools/bin/../lib/gcc/arm-none-eabi/9.3.1/../../../../arm-none-eabi/lib/thumb/v7e-m+fp/hard\libc_nano.a(lib_a-vsprintf.o)
                              ./Core/Src/lcd16x2.o (vsprintf)
c:/st/stm32cubeide_1.6.1/stm32cubeide/plugins/com.st.stm32cube.ide.mcu.externaltools.gnu-tools-for-stm32.9-2020-q2-update.win32_2.0.0.202105311346/tools/bin/../lib/gcc/arm-none-eabi/9.3.1/../../../../arm-none-eabi/lib/thumb/v7e-m+fp/hard\libc_nano.a(lib_a-nano-svfprintf.o)
                              c:/st/stm32cubeide_1.6.1/stm32cubeide/plugins/com.st.stm32cube.ide.mcu.externaltools.gnu-tools-for-stm32.9-2020-q2-update.win32_2.0.0.202105311346/tools/bin/../lib/gcc/arm-none-eabi/9.3.1/../../../../arm-none-eabi/lib/thumb/v7e-m+fp/hard\libc_nano.a(lib_a-vsprintf.o) (_svfprintf_r)
c:/st/stm32cubeide_1.6.1/stm32cubeide/plugins/com.st.stm32cube.ide.mcu.externaltools.gnu-tools-for-stm32.9-2020-q2-update.win32_2.0.0.202105311346/tools/bin/../lib/gcc/arm-none-eabi/9.3.1/../../../../arm-none-eabi/lib/thumb/v7e-m+fp/hard\libc_nano.a(lib_a-nano-vfprintf_i.o)
                              c:/st/stm32cubeide_1.6.1/stm32cubeide/plugins/com.st.stm32cube.ide.mcu.externaltools.gnu-tools-for-stm32.9-2020-q2-update.win32_2.0.0.202105311346/tools/bin/../lib/gcc/arm-none-eabi/9.3.1/../../../../arm-none-eabi/lib/thumb/v7e-m+fp/hard\libc_nano.a(lib_a-nano-svfprintf.o) (_printf_i)
c:/st/stm32cubeide_1.6.1/stm32cubeide/plugins/com.st.stm32cube.ide.mcu.externaltools.gnu-tools-for-stm32.9-2020-q2-update.win32_2.0.0.202105311346/tools/bin/../lib/gcc/arm-none-eabi/9.3.1/../../../../arm-none-eabi/lib/thumb/v7e-m+fp/hard\libc_nano.a(lib_a-memchr.o)
[...]
Memory Configuration

Name             Origin             Length             Attributes
RAM              0x0000000020000000 0x0000000000020000 xrw
FLASH            0x0000000008000000 0x0000000000080000 xr
*default*        0x0000000000000000 0xffffffffffffffff

Linker script and memory map

LOAD c:/st/stm32cubeide_1.6.1/stm32cubeide/plugins/com.st.stm32cube.ide.mcu.externaltools.gnu-tools-for-stm32.9-2020-q2-update.win32_2.0.0.202105311346/tools/bin/../lib/gcc/arm-none-eabi/9.3.1/thumb/v7e-m+fp/hard/crti.o
LOAD c:/st/stm32cubeide_1.6.1/stm32cubeide/plugins/com.st.stm32cube.ide.mcu.externaltools.gnu-tools-for-stm32.9-2020-q2-update.win32_2.0.0.202105311346/tools/bin/../lib/gcc/arm-none-eabi/9.3.1/thumb/v7e-m+fp/hard/crtbegin.o
LOAD c:/st/stm32cubeide_1.6.1/stm32cubeide/plugins/com.st.stm32cube.ide.mcu.externaltools.gnu-tools-for-stm32.9-2020-q2-update.win32_2.0.0.202105311346/tools/bin/../lib/gcc/arm-none-eabi/9.3.1/../../../../arm-none-eabi/lib/thumb/v7e-m+fp/hard/crt0.o
LOAD ./Core/Src/lcd16x2.o
LOAD ./Core/Src/main.o
LOAD ./Core/Src/stm32f4xx_hal_msp.o
LOAD ./Core/Src/stm32f4xx_it.o
LOAD ./Core/Src/syscalls.o
LOAD ./Core/Src/sysmem.o
LOAD ./Core/Src/system_stm32f4xx.o
LOAD ./Core/Startup/startup_stm32f446retx.o
LOAD ./Drivers/STM32F4xx_HAL_Driver/Src/stm32f4xx_hal.o
LOAD ./Drivers/STM32F4xx_HAL_Driver/Src/stm32f4xx_hal_adc.o
LOAD ./Drivers/STM32F4xx_HAL_Driver/Src/stm32f4xx_hal_adc_ex.o
LOAD ./Drivers/STM32F4xx_HAL_Driver/Src/stm32f4xx_hal_cortex.o
LOAD ./Drivers/STM32F4xx_HAL_Driver/Src/stm32f4xx_hal_dma.o
LOAD ./Drivers/STM32F4xx_HAL_Driver/Src/stm32f4xx_hal_dma_ex.o
LOAD ./Drivers/STM32F4xx_HAL_Driver/Src/stm32f4xx_hal_exti.o
LOAD ./Drivers/STM32F4xx_HAL_Driver/Src/stm32f4xx_hal_flash.o
LOAD ./Drivers/STM32F4xx_HAL_Driver/Src/stm32f4xx_hal_flash_ex.o
LOAD ./Drivers/STM32F4xx_HAL_Driver/Src/stm32f4xx_hal_flash_ramfunc.o
LOAD ./Drivers/STM32F4xx_HAL_Driver/Src/stm32f4xx_hal_gpio.o
LOAD ./Drivers/STM32F4xx_HAL_Driver/Src/stm32f4xx_hal_pwr.o
LOAD ./Drivers/STM32F4xx_HAL_Driver/Src/stm32f4xx_hal_pwr_ex.o
LOAD ./Drivers/STM32F4xx_HAL_Driver/Src/stm32f4xx_hal_rcc.o
LOAD ./Drivers/STM32F4xx_HAL_Driver/Src/stm32f4xx_hal_rcc_ex.o
LOAD ./Drivers/STM32F4xx_HAL_Driver/Src/stm32f4xx_hal_tim.o
LOAD ./Drivers/STM32F4xx_HAL_Driver/Src/stm32f4xx_hal_tim_ex.o
LOAD ./Drivers/STM32F4xx_HAL_Driver/Src/stm32f4xx_ll_adc.o
START GROUP
LOAD c:/st/stm32cubeide_1.6.1/stm32cubeide/plugins/com.st.stm32cube.ide.mcu.externaltools.gnu-tools-for-stm32.9-2020-q2-update.win32_2.0.0.202105311346/tools/bin/../lib/gcc/arm-none-eabi/9.3.1/../../../../arm-none-eabi/lib/thumb/v7e-m+fp/hard\libstdc++_nano.a
LOAD c:/st/stm32cubeide_1.6.1/stm32cubeide/plugins/com.st.stm32cube.ide.mcu.externaltools.gnu-tools-for-stm32.9-2020-q2-update.win32_2.0.0.202105311346/tools/bin/../lib/gcc/arm-none-eabi/9.3.1/../../../../arm-none-eabi/lib/thumb/v7e-m+fp/hard\libsupc++_nano.a
END GROUP
LOAD c:/st/stm32cubeide_1.6.1/stm32cubeide/plugins/com.st.stm32cube.ide.mcu.externaltools.gnu-tools-for-stm32.9-2020-q2-update.win32_2.0.0.202105311346/tools/bin/../lib/gcc/arm-none-eabi/9.3.1/../../../../arm-none-eabi/lib/thumb/v7e-m+fp/hard\libstdc++_nano.a
LOAD c:/st/stm32cubeide_1.6.1/stm32cubeide/plugins/com.st.stm32cube.ide.mcu.externaltools.gnu-tools-for-stm32.9-2020-q2-update.win32_2.0.0.202105311346/tools/bin/../lib/gcc/arm-none-eabi/9.3.1/../../../../arm-none-eabi/lib/thumb/v7e-m+fp/hard\libm.a
LOAD c:/st/stm32cubeide_1.6.1/stm32cubeide/plugins/com.st.stm32cube.ide.mcu.externaltools.gnu-tools-for-stm32.9-2020-q2-update.win32_2.0.0.202105311346/tools/bin/../lib/gcc/arm-none-eabi/9.3.1/../../../../arm-none-eabi/lib/thumb/v7e-m+fp/hard\libc_nano.a
START GROUP
LOAD c:/st/stm32cubeide_1.6.1/stm32cubeide/plugins/com.st.stm32cube.ide.mcu.externaltools.gnu-tools-for-stm32.9-2020-q2-update.win32_2.0.0.202105311346/tools/bin/../lib/gcc/arm-none-eabi/9.3.1/thumb/v7e-m+fp/hard\libgcc.a
LOAD c:/st/stm32cubeide_1.6.1/stm32cubeide/plugins/com.st.stm32cube.ide.mcu.externaltools.gnu-tools-for-stm32.9-2020-q2-update.win32_2.0.0.202105311346/tools/bin/../lib/gcc/arm-none-eabi/9.3.1/../../../../arm-none-eabi/lib/thumb/v7e-m+fp/hard\libc_nano.a
END GROUP
START GROUP
LOAD c:/st/stm32cubeide_1.6.1/stm32cubeide/plugins/com.st.stm32cube.ide.mcu.externaltools.gnu-tools-for-stm32.9-2020-q2-update.win32_2.0.0.202105311346/tools/bin/../lib/gcc/arm-none-eabi/9.3.1/thumb/v7e-m+fp/hard\libgcc.a
LOAD c:/st/stm32cubeide_1.6.1/stm32cubeide/plugins/com.st.stm32cube.ide.mcu.externaltools.gnu-tools-for-stm32.9-2020-q2-update.win32_2.0.0.202105311346/tools/bin/../lib/gcc/arm-none-eabi/9.3.1/../../../../arm-none-eabi/lib/thumb/v7e-m+fp/hard\libc_nano.a
LOAD c:/st/stm32cubeide_1.6.1/stm32cubeide/plugins/com.st.stm32cube.ide.mcu.externaltools.gnu-tools-for-stm32.9-2020-q2-update.win32_2.0.0.202105311346/tools/bin/../lib/gcc/arm-none-eabi/9.3.1/../../../../arm-none-eabi/lib/thumb/v7e-m+fp/hard\libnosys.a
END GROUP
START GROUP
LOAD c:/st/stm32cubeide_1.6.1/stm32cubeide/plugins/com.st.stm32cube.ide.mcu.externaltools.gnu-tools-for-stm32.9-2020-q2-update.win32_2.0.0.202105311346/tools/bin/../lib/gcc/arm-none-eabi/9.3.1/thumb/v7e-m+fp/hard\libgcc.a
LOAD c:/st/stm32cubeide_1.6.1/stm32cubeide/plugins/com.st.stm32cube.ide.mcu.externaltools.gnu-tools-for-stm32.9-2020-q2-update.win32_2.0.0.202105311346/tools/bin/../lib/gcc/arm-none-eabi/9.3.1/../../../../arm-none-eabi/lib/thumb/v7e-m+fp/hard\libc_nano.a
LOAD c:/st/stm32cubeide_1.6.1/stm32cubeide/plugins/com.st.stm32cube.ide.mcu.externaltools.gnu-tools-for-stm32.9-2020-q2-update.win32_2.0.0.202105311346/tools/bin/../lib/gcc/arm-none-eabi/9.3.1/../../../../arm-none-eabi/lib/thumb/v7e-m+fp/hard\libnosys.a
END GROUP
LOAD c:/st/stm32cubeide_1.6.1/stm32cubeide/plugins/com.st.stm32cube.ide.mcu.externaltools.gnu-tools-for-stm32.9-2020-q2-update.win32_2.0.0.202105311346/tools/bin/../lib/gcc/arm-none-eabi/9.3.1/thumb/v7e-m+fp/hard/crtend.o
LOAD c:/st/stm32cubeide_1.6.1/stm32cubeide/plugins/com.st.stm32cube.ide.mcu.externaltools.gnu-tools-for-stm32.9-2020-q2-update.win32_2.0.0.202105311346/tools/bin/../lib/gcc/arm-none-eabi/9.3.1/thumb/v7e-m+fp/hard/crtn.o
                0x0000000020020000                _estack = (ORIGIN (RAM) + LENGTH (RAM))
                0x0000000000000200                _Min_Heap_Size = 0x200
                0x0000000000000400                _Min_Stack_Size = 0x400

.isr_vector     0x0000000008000000      0x1c4
                0x0000000008000000                . = ALIGN (0x4)
 *(.isr_vector)
 .isr_vector    0x0000000008000000      0x1c4 ./Core/Startup/startup_stm32f446retx.o
                0x0000000008000000                g_pfnVectors
                0x00000000080001c4                . = ALIGN (0x4)

.text           0x00000000080001d0     0x49dc
                0x00000000080001d0                . = ALIGN (0x4)
 *(.text)
 .text          0x00000000080001d0       0x40 c:/st/stm32cubeide_1.6.1/stm32cubeide/plugins/com.st.stm32cube.ide.mcu.externaltools.gnu-tools-for-stm32.9-2020-q2-update.win32_2.0.0.202105311346/tools/bin/../lib/gcc/arm-none-eabi/9.3.1/thumb/v7e-m+fp/hard/crtbegin.o
 .text          0x0000000008000210       0x10 c:/st/stm32cubeide_1.6.1/stm32cubeide/plugins/com.st.stm32cube.ide.mcu.externaltools.gnu-tools-for-stm32.9-2020-q2-update.win32_2.0.0.202105311346/tools/bin/../lib/gcc/arm-none-eabi/9.3.1/../../../../arm-none-eabi/lib/thumb/v7e-m+fp/hard\libc_nano.a(lib_a-strlen.o)
                0x0000000008000210                strlen
 .text          0x0000000008000220       0xa0 c:/st/stm32cubeide_1.6.1/stm32cubeide/plugins/com.st.stm32cube.ide.mcu.externaltools.gnu-tools-for-stm32.9-2020-q2-update.win32_2.0.0.202105311346/tools/bin/../lib/gcc/arm-none-eabi/9.3.1/../../../../arm-none-eabi/lib/thumb/v7e-m+fp/hard\libc_nano.a(lib_a-memchr.o)
                0x0000000008000220                memchr
 .text          0x00000000080002c0      0x254 c:/st/stm32cubeide_1.6.1/stm32cubeide/plugins/com.st.stm32cube.ide.mcu.externaltools.gnu-tools-for-stm32.9-2020-q2-update.win32_2.0.0.202105311346/tools/bin/../lib/gcc/arm-none-eabi/9.3.1/thumb/v7e-m+fp/hard\libgcc.a(_arm_muldf3.o)
                0x00000000080002c0                __muldf3
                0x00000000080002c0                __aeabi_dmul
 .text          0x0000000008000514      0x378 c:/st/stm32cubeide_1.6.1/stm32cubeide/plugins/com.st.stm32cube.ide.mcu.externaltools.gnu-tools-for-stm32.9-2020-q2-update.win32_2.0.0.202105311346/tools/bin/../lib/gcc/arm-none-eabi/9.3.1/thumb/v7e-m+fp/hard\libgcc.a(_arm_addsubdf3.o)
                0x0000000008000514                __aeabi_drsub
                0x000000000800051c                __aeabi_dsub
                0x000000000800051c                __subdf3
                0x0000000008000520                __aeabi_dadd
                0x0000000008000520                __adddf3
                0x0000000008000798                __floatunsidf
                0x0000000008000798                __aeabi_ui2d
                0x00000000080007b8                __floatsidf
                0x00000000080007b8                __aeabi_i2d
                0x00000000080007dc                __aeabi_f2d
                0x00000000080007dc                __extendsfdf2
                0x0000000008000820                __floatundidf
                0x0000000008000820                __aeabi_ul2d
                0x0000000008000830                __floatdidf
                0x0000000008000830                __aeabi_l2d
 .text          0x000000000800088c       0x40 c:/st/stm32cubeide_1.6.1/stm32cubeide/plugins/com.st.stm32cube.ide.mcu.externaltools.gnu-tools-for-stm32.9-2020-q2-update.win32_2.0.0.202105311346/tools/bin/../lib/gcc/arm-none-eabi/9.3.1/thumb/v7e-m+fp/hard\libgcc.a(_arm_fixunsdfsi.o)
                0x000000000800088c                __aeabi_d2uiz
                0x000000000800088c                __fixunsdfsi
 .text          0x00000000080008cc       0x30 c:/st/stm32cubeide_1.6.1/stm32cubeide/plugins/com.st.stm32cube.ide.mcu.externaltools.gnu-tools-for-stm32.9-2020-q2-update.win32_2.0.0.202105311346/tools/bin/../lib/gcc/arm-none-eabi/9.3.1/thumb/v7e-m+fp/hard\libgcc.a(_aeabi_uldivmod.o)
                0x00000000080008cc                __aeabi_uldivmod
 .text          0x00000000080008fc      0x2c4 c:/st/stm32cubeide_1.6.1/stm32cubeide/plugins/com.st.stm32cube.ide.mcu.externaltools.gnu-tools-for-stm32.9-2020-q2-update.win32_2.0.0.202105311346/tools/bin/../lib/gcc/arm-none-eabi/9.3.1/thumb/v7e-m+fp/hard\libgcc.a(_udivmoddi4.o)
                0x00000000080008fc                __udivmoddi4
 .text          0x0000000008000bc0        0x4 c:/st/stm32cubeide_1.6.1/stm32cubeide/plugins/com.st.stm32cube.ide.mcu.externaltools.gnu-tools-for-stm32.9-2020-q2-update.win32_2.0.0.202105311346/tools/bin/../lib/gcc/arm-none-eabi/9.3.1/thumb/v7e-m+fp/hard\libgcc.a(_dvmd_tls.o)
                0x0000000008000bc0                __aeabi_idiv0
                0x0000000008000bc0                __aeabi_ldiv0
 *(.text*)
 .text.DWT_Delay_Init
                0x0000000008000bc4       0x60 ./Core/Src/lcd16x2.o
 .text.DWT_Delay_us
                0x0000000008000c24       0x48 ./Core/Src/lcd16x2.o
 .text.lcd16x2_enablePulse
                0x0000000008000c6c       0x3c ./Core/Src/lcd16x2.o
 .text.lcd16x2_rs
                0x0000000008000ca8       0x2c ./Core/Src/lcd16x2.o
 .text.lcd16x2_write
                0x0000000008000cd4      0x1c4 ./Core/Src/lcd16x2.o
 .text.lcd16x2_writeCommand
                0x0000000008000e98       0x20 ./Core/Src/lcd16x2.o
 .text.lcd16x2_writeData
                0x0000000008000eb8       0x20 ./Core/Src/lcd16x2.o
 .text.lcd16x2_write4
                0x0000000008000ed8       0x90 ./Core/Src/lcd16x2.o
 .text.lcd16x2_init_4bits
                0x0000000008000f68       0xd0 ./Core/Src/lcd16x2.o
                0x0000000008000f68                lcd16x2_init_4bits
 .text.lcd16x2_setCursor
                0x0000000008001038       0x48 ./Core/Src/lcd16x2.o
                0x0000000008001038                lcd16x2_setCursor
 .text.lcd16x2_1stLine
                0x0000000008001080       0x10 ./Core/Src/lcd16x2.o
                0x0000000008001080                lcd16x2_1stLine
 .text.lcd16x2_2ndLine
                0x0000000008001090       0x10 ./Core/Src/lcd16x2.o
                0x0000000008001090                lcd16x2_2ndLine
 .text.lcd16x2_cursorShow
                0x00000000080010a0       0x50 ./Core/Src/lcd16x2.o
                0x00000000080010a0                lcd16x2_cursorShow
 .text.lcd16x2_clear
                0x00000000080010f0       0x14 ./Core/Src/lcd16x2.o
                0x00000000080010f0                lcd16x2_clear
 .text.lcd16x2_printf
                0x0000000008001104       0x60 ./Core/Src/lcd16x2.o
                0x0000000008001104                lcd16x2_printf
 .text.main     0x0000000008001164       0x74 ./Core/Src/main.o
                0x0000000008001164                main
 .text.SystemClock_Config
                0x00000000080011d8       0xdc ./Core/Src/main.o
                0x00000000080011d8                SystemClock_Config
 .text.MX_ADC1_Init
                0x00000000080012b4       0xa4 ./Core/Src/main.o
 .text.MX_ADC2_Init
                0x0000000008001358       0xa4 ./Core/Src/main.o
 .text.MX_ADC3_Init
                0x00000000080013fc       0xa4 ./Core/Src/main.o
 .text.MX_TIM2_Init
                0x00000000080014a0       0xa8 ./Core/Src/main.o
 .text.MX_TIM3_Init
                0x0000000008001548       0x9c ./Core/Src/main.o
 .text.MX_GPIO_Init
                0x00000000080015e4      0x170 ./Core/Src/main.o
 .text.Update_Lcd
                0x0000000008001754       0x40 ./Core/Src/main.o
                0x0000000008001754                Update_Lcd
 .text.Display_Effect
                0x0000000008001794       0x78 ./Core/Src/main.o
                0x0000000008001794                Display_Effect
 .text.Lcd_Start_Up
                0x000000000800180c       0x78 ./Core/Src/main.o
                0x000000000800180c                Lcd_Start_Up
 *fill*         0x0000000008001884        0x4 
 .text.Get_Pot_Params
                0x0000000008001888      0x10c ./Core/Src/main.o
                0x0000000008001888                Get_Pot_Params
 .text.HAL_TIM_IC_CaptureCallback
                0x0000000008001994       0x4c ./Core/Src/main.o
                0x0000000008001994                HAL_TIM_IC_CaptureCallback
 .text.Update_Encoder_State
                0x00000000080019e0       0x80 ./Core/Src/main.o
                0x00000000080019e0                Update_Encoder_State
 .text.Update_Position
                0x0000000008001a60       0x44 ./Core/Src/main.o
                0x0000000008001a60                Update_Position
 .text.HAL_GPIO_EXTI_Callback
                0x0000000008001aa4       0x20 ./Core/Src/main.o
                0x0000000008001aa4                HAL_GPIO_EXTI_Callback
 .text.Error_Handler
                0x0000000008001ac4        0xa ./Core/Src/main.o
                0x0000000008001ac4                Error_Handler
 *fill*         0x0000000008001ace        0x2 
 .text.HAL_MspInit
                0x0000000008001ad0       0x50 ./Core/Src/stm32f4xx_hal_msp.o
                0x0000000008001ad0                HAL_MspInit
 .text.HAL_ADC_MspInit
                0x0000000008001b20      0x14c ./Core/Src/stm32f4xx_hal_msp.o
                0x0000000008001b20                HAL_ADC_MspInit
 .text.HAL_TIM_Encoder_MspInit
                0x0000000008001c6c       0x9c ./Core/Src/stm32f4xx_hal_msp.o
                0x0000000008001c6c                HAL_TIM_Encoder_MspInit
 .text.HAL_TIM_Base_MspInit
                0x0000000008001d08       0x44 ./Core/Src/stm32f4xx_hal_msp.o
                0x0000000008001d08                HAL_TIM_Base_MspInit
 .text.NMI_Handler
                0x0000000008001d4c        0x6 ./Core/Src/stm32f4xx_it.o
                0x0000000008001d4c                NMI_Handler
 .text.HardFault_Handler
                0x0000000008001d52        0x6 ./Core/Src/stm32f4xx_it.o
                0x0000000008001d52                HardFault_Handler
 .text.MemManage_Handler
                0x0000000008001d58        0x6 ./Core/Src/stm32f4xx_it.o
                0x0000000008001d58                MemManage_Handler
 .text.BusFault_Handler
                0x0000000008001d5e        0x6 ./Core/Src/stm32f4xx_it.o
                0x0000000008001d5e                BusFault_Handler
 .text.UsageFault_Handler
                0x0000000008001d64        0x6 ./Core/Src/stm32f4xx_it.o
                0x0000000008001d64                UsageFault_Handler
 .text.SVC_Handler
                0x0000000008001d6a        0xe ./Core/Src/stm32f4xx_it.o
                0x0000000008001d6a                SVC_Handler
 .text.DebugMon_Handler
                0x0000000008001d78        0xe ./Core/Src/stm32f4xx_it.o
                0x0000000008001d78                DebugMon_Handler
 .text.PendSV_Handler
                0x0000000008001d86        0xe ./Core/Src/stm32f4xx_it.o
                0x0000000008001d86                PendSV_Handler
 .text.SysTick_Handler
                0x0000000008001d94        0xc ./Core/Src/stm32f4xx_it.o
                0x0000000008001d94                SysTick_Handler
 .text.EXTI2_IRQHandler
                0x0000000008001da0        0xe ./Core/Src/stm32f4xx_it.o
                0x0000000008001da0                EXTI2_IRQHandler
 *fill*         0x0000000008001dae        0x2 
 .text.TIM2_IRQHandler
                0x0000000008001db0       0x14 ./Core/Src/stm32f4xx_it.o
                0x0000000008001db0                TIM2_IRQHandler
 .text._sbrk    0x0000000008001dc4       0x6c ./Core/Src/sysmem.o
                0x0000000008001dc4                _sbrk
 .text.SystemInit
                0x0000000008001e30       0x24 ./Core/Src/system_stm32f4xx.o
                0x0000000008001e30                SystemInit
 .text.Reset_Handler
                0x0000000008001e54       0x50 ./Core/Startup/startup_stm32f446retx.o
                0x0000000008001e54                Reset_Handler
 .text.Default_Handler
                0x0000000008001ea4        0x2 ./Core/Startup/startup_stm32f446retx.o
                0x0000000008001ea4                RTC_Alarm_IRQHandler
                0x0000000008001ea4                TIM8_CC_IRQHandler
                0x0000000008001ea4                FMPI2C1_EV_IRQHandler
                0x0000000008001ea4                SPI4_IRQHandler
                0x0000000008001ea4                TIM1_CC_IRQHandler
                0x0000000008001ea4                DMA2_Stream5_IRQHandler
                0x0000000008001ea4                DMA1_Stream5_IRQHandler
                0x0000000008001ea4                PVD_IRQHandler
                0x0000000008001ea4                SDIO_IRQHandler
                0x0000000008001ea4                TAMP_STAMP_IRQHandler
                0x0000000008001ea4                CAN2_RX1_IRQHandler
                0x0000000008001ea4                EXTI3_IRQHandler
                0x0000000008001ea4                TIM8_TRG_COM_TIM14_IRQHandler
                0x0000000008001ea4                TIM1_UP_TIM10_IRQHandler
                0x0000000008001ea4                TIM8_UP_TIM13_IRQHandler
                0x0000000008001ea4                I2C3_ER_IRQHandler
                0x0000000008001ea4                EXTI0_IRQHandler
                0x0000000008001ea4                I2C2_EV_IRQHandler
                0x0000000008001ea4                DMA1_Stream2_IRQHandler
                0x0000000008001ea4                CAN1_RX0_IRQHandler
                0x0000000008001ea4                FPU_IRQHandler
                0x0000000008001ea4                OTG_HS_WKUP_IRQHandler
                0x0000000008001ea4                CAN2_SCE_IRQHandler
                0x0000000008001ea4                DMA2_Stream2_IRQHandler
                0x0000000008001ea4                SPI1_IRQHandler
                0x0000000008001ea4                TIM6_DAC_IRQHandler
                0x0000000008001ea4                TIM1_BRK_TIM9_IRQHandler
                0x0000000008001ea4                DCMI_IRQHandler
                0x0000000008001ea4                CAN2_RX0_IRQHandler
                0x0000000008001ea4                DMA2_Stream3_IRQHandler
                0x0000000008001ea4                SAI2_IRQHandler
                0x0000000008001ea4                USART6_IRQHandler
                0x0000000008001ea4                USART3_IRQHandler
                0x0000000008001ea4                CAN1_RX1_IRQHandler
                0x0000000008001ea4                UART5_IRQHandler
                0x0000000008001ea4                DMA2_Stream0_IRQHandler
                0x0000000008001ea4                TIM4_IRQHandler
                0x0000000008001ea4                QUADSPI_IRQHandler
                0x0000000008001ea4                I2C1_EV_IRQHandler
                0x0000000008001ea4                DMA1_Stream6_IRQHandler
                0x0000000008001ea4                DMA1_Stream1_IRQHandler
                0x0000000008001ea4                UART4_IRQHandler
                0x0000000008001ea4                TIM3_IRQHandler
                0x0000000008001ea4                RCC_IRQHandler
                0x0000000008001ea4                TIM8_BRK_TIM12_IRQHandler
                0x0000000008001ea4                Default_Handler
                0x0000000008001ea4                CEC_IRQHandler
                0x0000000008001ea4                EXTI15_10_IRQHandler
                0x0000000008001ea4                ADC_IRQHandler
                0x0000000008001ea4                DMA1_Stream7_IRQHandler
                0x0000000008001ea4                TIM7_IRQHandler
                0x0000000008001ea4                CAN2_TX_IRQHandler
                0x0000000008001ea4                TIM5_IRQHandler
                0x0000000008001ea4                DMA2_Stream7_IRQHandler
                0x0000000008001ea4                I2C3_EV_IRQHandler
                0x0000000008001ea4                EXTI9_5_IRQHandler
                0x0000000008001ea4                RTC_WKUP_IRQHandler
                0x0000000008001ea4                SPDIF_RX_IRQHandler
                0x0000000008001ea4                SPI2_IRQHandler
                0x0000000008001ea4                OTG_HS_EP1_IN_IRQHandler
                0x0000000008001ea4                DMA1_Stream0_IRQHandler
                0x0000000008001ea4                CAN1_TX_IRQHandler
                0x0000000008001ea4                FMPI2C1_ER_IRQHandler
                0x0000000008001ea4                EXTI4_IRQHandler
                0x0000000008001ea4                OTG_HS_EP1_OUT_IRQHandler
                0x0000000008001ea4                WWDG_IRQHandler
                0x0000000008001ea4                OTG_FS_WKUP_IRQHandler
                0x0000000008001ea4                TIM1_TRG_COM_TIM11_IRQHandler
                0x0000000008001ea4                OTG_HS_IRQHandler
                0x0000000008001ea4                EXTI1_IRQHandler
                0x0000000008001ea4                USART2_IRQHandler
                0x0000000008001ea4                I2C2_ER_IRQHandler
                0x0000000008001ea4                DMA2_Stream1_IRQHandler
                0x0000000008001ea4                CAN1_SCE_IRQHandler
                0x0000000008001ea4                FLASH_IRQHandler
                0x0000000008001ea4                DMA2_Stream4_IRQHandler
                0x0000000008001ea4                USART1_IRQHandler
                0x0000000008001ea4                OTG_FS_IRQHandler
                0x0000000008001ea4                SPI3_IRQHandler
                0x0000000008001ea4                DMA1_Stream4_IRQHandler
                0x0000000008001ea4                I2C1_ER_IRQHandler
                0x0000000008001ea4                FMC_IRQHandler
                0x0000000008001ea4                DMA2_Stream6_IRQHandler
                0x0000000008001ea4                SAI1_IRQHandler
                0x0000000008001ea4                DMA1_Stream3_IRQHandler
 *fill*         0x0000000008001ea6        0x2 
 .text.HAL_Init
                0x0000000008001ea8       0x44 ./Drivers/STM32F4xx_HAL_Driver/Src/stm32f4xx_hal.o
                0x0000000008001ea8                HAL_Init
 .text.HAL_InitTick
                0x0000000008001eec       0x60 ./Drivers/STM32F4xx_HAL_Driver/Src/stm32f4xx_hal.o
                0x0000000008001eec                HAL_InitTick
 .text.HAL_IncTick
                0x0000000008001f4c       0x28 ./Drivers/STM32F4xx_HAL_Driver/Src/stm32f4xx_hal.o
                0x0000000008001f4c                HAL_IncTick
 .text.HAL_GetTick
                0x0000000008001f74       0x18 ./Drivers/STM32F4xx_HAL_Driver/Src/stm32f4xx_hal.o
                0x0000000008001f74                HAL_GetTick
 .text.HAL_Delay
                0x0000000008001f8c       0x48 ./Drivers/STM32F4xx_HAL_Driver/Src/stm32f4xx_hal.o
                0x0000000008001f8c                HAL_Delay
 .text.HAL_ADC_Init
                0x0000000008001fd4       0x86 ./Drivers/STM32F4xx_HAL_Driver/Src/stm32f4xx_hal_adc.o
                0x0000000008001fd4                HAL_ADC_Init
 *fill*         0x000000000800205a        0x2 
 .text.HAL_ADC_Start
                0x000000000800205c      0x1a4 ./Drivers/STM32F4xx_HAL_Driver/Src/stm32f4xx_hal_adc.o
                0x000000000800205c                HAL_ADC_Start
 .text.HAL_ADC_PollForConversion
                0x0000000008002200      0x116 ./Drivers/STM32F4xx_HAL_Driver/Src/stm32f4xx_hal_adc.o
                0x0000000008002200                HAL_ADC_PollForConversion
 .text.HAL_ADC_GetValue
                0x0000000008002316       0x1a ./Drivers/STM32F4xx_HAL_Driver/Src/stm32f4xx_hal_adc.o
                0x0000000008002316                HAL_ADC_GetValue
 .text.HAL_ADC_ConfigChannel
                0x0000000008002330      0x264 ./Drivers/STM32F4xx_HAL_Driver/Src/stm32f4xx_hal_adc.o
                0x0000000008002330                HAL_ADC_ConfigChannel
 .text.ADC_Init
                0x0000000008002594      0x1f8 ./Drivers/STM32F4xx_HAL_Driver/Src/stm32f4xx_hal_adc.o
 .text.__NVIC_SetPriorityGrouping
                0x000000000800278c       0x48 ./Drivers/STM32F4xx_HAL_Driver/Src/stm32f4xx_hal_cortex.o
 .text.__NVIC_GetPriorityGrouping
                0x00000000080027d4       0x1c ./Drivers/STM32F4xx_HAL_Driver/Src/stm32f4xx_hal_cortex.o
 .text.__NVIC_EnableIRQ
                0x00000000080027f0       0x3c ./Drivers/STM32F4xx_HAL_Driver/Src/stm32f4xx_hal_cortex.o
 .text.__NVIC_SetPriority
                0x000000000800282c       0x54 ./Drivers/STM32F4xx_HAL_Driver/Src/stm32f4xx_hal_cortex.o
 .text.NVIC_EncodePriority
                0x0000000008002880       0x66 ./Drivers/STM32F4xx_HAL_Driver/Src/stm32f4xx_hal_cortex.o
 *fill*         0x00000000080028e6        0x2 
 .text.SysTick_Config
                0x00000000080028e8       0x44 ./Drivers/STM32F4xx_HAL_Driver/Src/stm32f4xx_hal_cortex.o
 .text.HAL_NVIC_SetPriorityGrouping
                0x000000000800292c       0x16 ./Drivers/STM32F4xx_HAL_Driver/Src/stm32f4xx_hal_cortex.o
                0x000000000800292c                HAL_NVIC_SetPriorityGrouping
 .text.HAL_NVIC_SetPriority
                0x0000000008002942       0x38 ./Drivers/STM32F4xx_HAL_Driver/Src/stm32f4xx_hal_cortex.o
                0x0000000008002942                HAL_NVIC_SetPriority
 .text.HAL_NVIC_EnableIRQ
                0x000000000800297a       0x1c ./Drivers/STM32F4xx_HAL_Driver/Src/stm32f4xx_hal_cortex.o
                0x000000000800297a                HAL_NVIC_EnableIRQ
 .text.HAL_SYSTICK_Config
                0x0000000008002996       0x18 ./Drivers/STM32F4xx_HAL_Driver/Src/stm32f4xx_hal_cortex.o
                0x0000000008002996                HAL_SYSTICK_Config
 *fill*         0x00000000080029ae        0x2 
 .text.HAL_GPIO_Init
                0x00000000080029b0      0x328 ./Drivers/STM32F4xx_HAL_Driver/Src/stm32f4xx_hal_gpio.o
                0x00000000080029b0                HAL_GPIO_Init
 .text.HAL_GPIO_WritePin
                0x0000000008002cd8       0x32 ./Drivers/STM32F4xx_HAL_Driver/Src/stm32f4xx_hal_gpio.o
                0x0000000008002cd8                HAL_GPIO_WritePin
 *fill*         0x0000000008002d0a        0x2 
 .text.HAL_GPIO_EXTI_IRQHandler
                0x0000000008002d0c       0x30 ./Drivers/STM32F4xx_HAL_Driver/Src/stm32f4xx_hal_gpio.o
                0x0000000008002d0c                HAL_GPIO_EXTI_IRQHandler
 .text.HAL_RCC_ClockConfig
                0x0000000008002d3c      0x1cc ./Drivers/STM32F4xx_HAL_Driver/Src/stm32f4xx_hal_rcc.o
                0x0000000008002d3c                HAL_RCC_ClockConfig
 .text.HAL_RCC_GetHCLKFreq
                0x0000000008002f08       0x18 ./Drivers/STM32F4xx_HAL_Driver/Src/stm32f4xx_hal_rcc.o
                0x0000000008002f08                HAL_RCC_GetHCLKFreq
 .text.HAL_RCC_GetSysClockFreq
                0x0000000008002f20      0x364 ./Drivers/STM32F4xx_HAL_Driver/Src/stm32f4xx_hal_rcc_ex.o
                0x0000000008002f20                HAL_RCC_GetSysClockFreq
 .text.HAL_RCC_OscConfig
                0x0000000008003284      0x53c ./Drivers/STM32F4xx_HAL_Driver/Src/stm32f4xx_hal_rcc_ex.o
                0x0000000008003284                HAL_RCC_OscConfig
 .text.HAL_TIM_Base_Init
                0x00000000080037c0       0x9e ./Drivers/STM32F4xx_HAL_Driver/Src/stm32f4xx_hal_tim.o
                0x00000000080037c0                HAL_TIM_Base_Init
 .text.HAL_TIM_Encoder_Init
                0x000000000800385e      0x14c ./Drivers/STM32F4xx_HAL_Driver/Src/stm32f4xx_hal_tim.o
                0x000000000800385e                HAL_TIM_Encoder_Init
 .text.HAL_TIM_Encoder_Start_IT
                0x00000000080039aa      0x15c ./Drivers/STM32F4xx_HAL_Driver/Src/stm32f4xx_hal_tim.o
                0x00000000080039aa                HAL_TIM_Encoder_Start_IT
 .text.HAL_TIM_IRQHandler
                0x0000000008003b06      0x210 ./Drivers/STM32F4xx_HAL_Driver/Src/stm32f4xx_hal_tim.o
                0x0000000008003b06                HAL_TIM_IRQHandler
 .text.HAL_TIM_ConfigClockSource
                0x0000000008003d16      0x18e ./Drivers/STM32F4xx_HAL_Driver/Src/stm32f4xx_hal_tim.o
                0x0000000008003d16                HAL_TIM_ConfigClockSource
 .text.HAL_TIM_PeriodElapsedCallback
                0x0000000008003ea4       0x14 ./Drivers/STM32F4xx_HAL_Driver/Src/stm32f4xx_hal_tim.o
                0x0000000008003ea4                HAL_TIM_PeriodElapsedCallback
 .text.HAL_TIM_OC_DelayElapsedCallback
                0x0000000008003eb8       0x14 ./Drivers/STM32F4xx_HAL_Driver/Src/stm32f4xx_hal_tim.o
                0x0000000008003eb8                HAL_TIM_OC_DelayElapsedCallback
 .text.HAL_TIM_PWM_PulseFinishedCallback
                0x0000000008003ecc       0x14 ./Drivers/STM32F4xx_HAL_Driver/Src/stm32f4xx_hal_tim.o
                0x0000000008003ecc                HAL_TIM_PWM_PulseFinishedCallback
 .text.HAL_TIM_TriggerCallback
                0x0000000008003ee0       0x14 ./Drivers/STM32F4xx_HAL_Driver/Src/stm32f4xx_hal_tim.o
                0x0000000008003ee0                HAL_TIM_TriggerCallback
 .text.TIM_Base_SetConfig
                0x0000000008003ef4      0x140 ./Drivers/STM32F4xx_HAL_Driver/Src/stm32f4xx_hal_tim.o
                0x0000000008003ef4                TIM_Base_SetConfig
 .text.TIM_TI1_ConfigInputStage
                0x0000000008004034       0x5e ./Drivers/STM32F4xx_HAL_Driver/Src/stm32f4xx_hal_tim.o
 .text.TIM_TI2_ConfigInputStage
                0x0000000008004092       0x60 ./Drivers/STM32F4xx_HAL_Driver/Src/stm32f4xx_hal_tim.o
 .text.TIM_ITRx_SetConfig
                0x00000000080040f2       0x36 ./Drivers/STM32F4xx_HAL_Driver/Src/stm32f4xx_hal_tim.o
 .text.TIM_ETR_SetConfig
                0x0000000008004128       0x40 ./Drivers/STM32F4xx_HAL_Driver/Src/stm32f4xx_hal_tim.o
                0x0000000008004128                TIM_ETR_SetConfig
 .text.TIM_CCxChannelCmd
                0x0000000008004168       0x4a ./Drivers/STM32F4xx_HAL_Driver/Src/stm32f4xx_hal_tim.o
                0x0000000008004168                TIM_CCxChannelCmd
 *fill*         0x00000000080041b2        0x2 
 .text.HAL_TIMEx_MasterConfigSynchronization
                0x00000000080041b4       0xf8 ./Drivers/STM32F4xx_HAL_Driver/Src/stm32f4xx_hal_tim_ex.o
                0x00000000080041b4                HAL_TIMEx_MasterConfigSynchronization
 .text.HAL_TIMEx_CommutCallback
                0x00000000080042ac       0x14 ./Drivers/STM32F4xx_HAL_Driver/Src/stm32f4xx_hal_tim_ex.o
                0x00000000080042ac                HAL_TIMEx_CommutCallback
 .text.HAL_TIMEx_BreakCallback
                0x00000000080042c0       0x14 ./Drivers/STM32F4xx_HAL_Driver/Src/stm32f4xx_hal_tim_ex.o
                0x00000000080042c0                HAL_TIMEx_BreakCallback
 .text.__errno  0x00000000080042d4        0xc c:/st/stm32cubeide_1.6.1/stm32cubeide/plugins/com.st.stm32cube.ide.mcu.externaltools.gnu-tools-for-stm32.9-2020-q2-update.win32_2.0.0.202105311346/tools/bin/../lib/gcc/arm-none-eabi/9.3.1/../../../../arm-none-eabi/lib/thumb/v7e-m+fp/hard\libc_nano.a(lib_a-errno.o)
                0x00000000080042d4                __errno
 .text.__libc_init_array
                0x00000000080042e0       0x48 c:/st/stm32cubeide_1.6.1/stm32cubeide/plugins/com.st.stm32cube.ide.mcu.externaltools.gnu-tools-for-stm32.9-2020-q2-update.win32_2.0.0.202105311346/tools/bin/../lib/gcc/arm-none-eabi/9.3.1/../../../../arm-none-eabi/lib/thumb/v7e-m+fp/hard\libc_nano.a(lib_a-init.o)
                0x00000000080042e0                __libc_init_array
 .text.memset   0x0000000008004328       0x10 c:/st/stm32cubeide_1.6.1/stm32cubeide/plugins/com.st.stm32cube.ide.mcu.externaltools.gnu-tools-for-stm32.9-2020-q2-update.win32_2.0.0.202105311346/tools/bin/../lib/gcc/arm-none-eabi/9.3.1/../../../../arm-none-eabi/lib/thumb/v7e-m+fp/hard\libc_nano.a(lib_a-memset.o)
                0x0000000008004328                memset
 .text._vsprintf_r
                0x0000000008004338       0x2c c:/st/stm32cubeide_1.6.1/stm32cubeide/plugins/com.st.stm32cube.ide.mcu.externaltools.gnu-tools-for-stm32.9-2020-q2-update.win32_2.0.0.202105311346/tools/bin/../lib/gcc/arm-none-eabi/9.3.1/../../../../arm-none-eabi/lib/thumb/v7e-m+fp/hard\libc_nano.a(lib_a-vsprintf.o)
                0x0000000008004338                _vsprintf_r
                0x0000000008004338                _vsiprintf_r
 .text.vsprintf
                0x0000000008004364       0x14 c:/st/stm32cubeide_1.6.1/stm32cubeide/plugins/com.st.stm32cube.ide.mcu.externaltools.gnu-tools-for-stm32.9-2020-q2-update.win32_2.0.0.202105311346/tools/bin/../lib/gcc/arm-none-eabi/9.3.1/../../../../arm-none-eabi/lib/thumb/v7e-m+fp/hard\libc_nano.a(lib_a-vsprintf.o)
                0x0000000008004364                vsiprintf
                0x0000000008004364                vsprintf
 .text.__ssputs_r
                0x0000000008004378       0xb6 c:/st/stm32cubeide_1.6.1/stm32cubeide/plugins/com.st.stm32cube.ide.mcu.externaltools.gnu-tools-for-stm32.9-2020-q2-update.win32_2.0.0.202105311346/tools/bin/../lib/gcc/arm-none-eabi/9.3.1/../../../../arm-none-eabi/lib/thumb/v7e-m+fp/hard\libc_nano.a(lib_a-nano-svfprintf.o)
                0x0000000008004378                __ssputs_r
 *fill*         0x000000000800442e        0x2 
 .text._svfprintf_r
                0x0000000008004430      0x200 c:/st/stm32cubeide_1.6.1/stm32cubeide/plugins/com.st.stm32cube.ide.mcu.externaltools.gnu-tools-for-stm32.9-2020-q2-update.win32_2.0.0.202105311346/tools/bin/../lib/gcc/arm-none-eabi/9.3.1/../../../../arm-none-eabi/lib/thumb/v7e-m+fp/hard\libc_nano.a(lib_a-nano-svfprintf.o)
                0x0000000008004430                _svfiprintf_r
                0x0000000008004430                _svfprintf_r
 .text._printf_common
                0x0000000008004630       0xda c:/st/stm32cubeide_1.6.1/stm32cubeide/plugins/com.st.stm32cube.ide.mcu.externaltools.gnu-tools-for-stm32.9-2020-q2-update.win32_2.0.0.202105311346/tools/bin/../lib/gcc/arm-none-eabi/9.3.1/../../../../arm-none-eabi/lib/thumb/v7e-m+fp/hard\libc_nano.a(lib_a-nano-vfprintf_i.o)
                0x0000000008004630                _printf_common
 *fill*         0x000000000800470a        0x2 
 .text._printf_i
                0x000000000800470c      0x24c c:/st/stm32cubeide_1.6.1/stm32cubeide/plugins/com.st.stm32cube.ide.mcu.externaltools.gnu-tools-for-stm32.9-2020-q2-update.win32_2.0.0.202105311346/tools/bin/../lib/gcc/arm-none-eabi/9.3.1/../../../../arm-none-eabi/lib/thumb/v7e-m+fp/hard\libc_nano.a(lib_a-nano-vfprintf_i.o)
                0x000000000800470c                _printf_i
 .text.memcpy   0x0000000008004958       0x1c c:/st/stm32cubeide_1.6.1/stm32cubeide/plugins/com.st.stm32cube.ide.mcu.externaltools.gnu-tools-for-stm32.9-2020-q2-update.win32_2.0.0.202105311346/tools/bin/../lib/gcc/arm-none-eabi/9.3.1/../../../../arm-none-eabi/lib/thumb/v7e-m+fp/hard\libc_nano.a(lib_a-memcpy-stub.o)
                0x0000000008004958                memcpy
 .text.memmove  0x0000000008004974       0x34 c:/st/stm32cubeide_1.6.1/stm32cubeide/plugins/com.st.stm32cube.ide.mcu.externaltools.gnu-tools-for-stm32.9-2020-q2-update.win32_2.0.0.202105311346/tools/bin/../lib/gcc/arm-none-eabi/9.3.1/../../../../arm-none-eabi/lib/thumb/v7e-m+fp/hard\libc_nano.a(lib_a-memmove.o)
                0x0000000008004974                memmove
 .text._free_r  0x00000000080049a8       0xa0 c:/st/stm32cubeide_1.6.1/stm32cubeide/plugins/com.st.stm32cube.ide.mcu.externaltools.gnu-tools-for-stm32.9-2020-q2-update.win32_2.0.0.202105311346/tools/bin/../lib/gcc/arm-none-eabi/9.3.1/../../../../arm-none-eabi/lib/thumb/v7e-m+fp/hard\libc_nano.a(lib_a-nano-freer.o)
                0x00000000080049a8                _free_r
 .text._malloc_r
                0x0000000008004a48       0xb4 c:/st/stm32cubeide_1.6.1/stm32cubeide/plugins/com.st.stm32cube.ide.mcu.externaltools.gnu-tools-for-stm32.9-2020-q2-update.win32_2.0.0.202105311346/tools/bin/../lib/gcc/arm-none-eabi/9.3.1/../../../../arm-none-eabi/lib/thumb/v7e-m+fp/hard\libc_nano.a(lib_a-nano-mallocr.o)
                0x0000000008004a48                _malloc_r
 .text._realloc_r
                0x0000000008004afc       0x4c c:/st/stm32cubeide_1.6.1/stm32cubeide/plugins/com.st.stm32cube.ide.mcu.externaltools.gnu-tools-for-stm32.9-2020-q2-update.win32_2.0.0.202105311346/tools/bin/../lib/gcc/arm-none-eabi/9.3.1/../../../../arm-none-eabi/lib/thumb/v7e-m+fp/hard\libc_nano.a(lib_a-nano-reallocr.o)
                0x0000000008004afc                _realloc_r
 .text._sbrk_r  0x0000000008004b48       0x20 c:/st/stm32cubeide_1.6.1/stm32cubeide/plugins/com.st.stm32cube.ide.mcu.externaltools.gnu-tools-for-stm32.9-2020-q2-update.win32_2.0.0.202105311346/tools/bin/../lib/gcc/arm-none-eabi/9.3.1/../../../../arm-none-eabi/lib/thumb/v7e-m+fp/hard\libc_nano.a(lib_a-sbrkr.o)
                0x0000000008004b48                _sbrk_r
 .text.__malloc_lock
                0x0000000008004b68        0xc c:/st/stm32cubeide_1.6.1/stm32cubeide/plugins/com.st.stm32cube.ide.mcu.externaltools.gnu-tools-for-stm32.9-2020-q2-update.win32_2.0.0.202105311346/tools/bin/../lib/gcc/arm-none-eabi/9.3.1/../../../../arm-none-eabi/lib/thumb/v7e-m+fp/hard\libc_nano.a(lib_a-mlock.o)
                0x0000000008004b68                __malloc_lock
 .text.__malloc_unlock
                0x0000000008004b74        0xc c:/st/stm32cubeide_1.6.1/stm32cubeide/plugins/com.st.stm32cube.ide.mcu.externaltools.gnu-tools-for-stm32.9-2020-q2-update.win32_2.0.0.202105311346/tools/bin/../lib/gcc/arm-none-eabi/9.3.1/../../../../arm-none-eabi/lib/thumb/v7e-m+fp/hard\libc_nano.a(lib_a-mlock.o)
                0x0000000008004b74                __malloc_unlock
 .text._malloc_usable_size_r
                0x0000000008004b80       0x10 c:/st/stm32cubeide_1.6.1/stm32cubeide/plugins/com.st.stm32cube.ide.mcu.externaltools.gnu-tools-for-stm32.9-2020-q2-update.win32_2.0.0.202105311346/tools/bin/../lib/gcc/arm-none-eabi/9.3.1/../../../../arm-none-eabi/lib/thumb/v7e-m+fp/hard\libc_nano.a(lib_a-nano-msizer.o)
                0x0000000008004b80                _malloc_usable_size_r
 .text.__retarget_lock_acquire_recursive
                0x0000000008004b90        0x2 c:/st/stm32cubeide_1.6.1/stm32cubeide/plugins/com.st.stm32cube.ide.mcu.externaltools.gnu-tools-for-stm32.9-2020-q2-update.win32_2.0.0.202105311346/tools/bin/../lib/gcc/arm-none-eabi/9.3.1/../../../../arm-none-eabi/lib/thumb/v7e-m+fp/hard\libc_nano.a(lib_a-lock.o)
                0x0000000008004b90                __retarget_lock_acquire_recursive
 .text.__retarget_lock_release_recursive
                0x0000000008004b92        0x2 c:/st/stm32cubeide_1.6.1/stm32cubeide/plugins/com.st.stm32cube.ide.mcu.externaltools.gnu-tools-for-stm32.9-2020-q2-update.win32_2.0.0.202105311346/tools/bin/../lib/gcc/arm-none-eabi/9.3.1/../../../../arm-none-eabi/lib/thumb/v7e-m+fp/hard\libc_nano.a(lib_a-lock.o)
                0x0000000008004b92                __retarget_lock_release_recursive
 *(.glue_7)
 .glue_7        0x0000000008004b94        0x0 linker stubs
 *(.glue_7t)
 .glue_7t       0x0000000008004b94        0x0 linker stubs
 *(.eh_frame)
 .eh_frame      0x0000000008004b94        0x0 c:/st/stm32cubeide_1.6.1/stm32cubeide/plugins/com.st.stm32cube.ide.mcu.externaltools.gnu-tools-for-stm32.9-2020-q2-update.win32_2.0.0.202105311346/tools/bin/../lib/gcc/arm-none-eabi/9.3.1/thumb/v7e-m+fp/hard/crtbegin.o
 *(.init)
 .init          0x0000000008004b94        0x4 c:/st/stm32cubeide_1.6.1/stm32cubeide/plugins/com.st.stm32cube.ide.mcu.externaltools.gnu-tools-for-stm32.9-2020-q2-update.win32_2.0.0.202105311346/tools/bin/../lib/gcc/arm-none-eabi/9.3.1/thumb/v7e-m+fp/hard/crti.o
                0x0000000008004b94                _init
 .init          0x0000000008004b98        0x8 c:/st/stm32cubeide_1.6.1/stm32cubeide/plugins/com.st.stm32cube.ide.mcu.externaltools.gnu-tools-for-stm32.9-2020-q2-update.win32_2.0.0.202105311346/tools/bin/../lib/gcc/arm-none-eabi/9.3.1/thumb/v7e-m+fp/hard/crtn.o
 *(.fini)
 .fini          0x0000000008004ba0        0x4 c:/st/stm32cubeide_1.6.1/stm32cubeide/plugins/com.st.stm32cube.ide.mcu.externaltools.gnu-tools-for-stm32.9-2020-q2-update.win32_2.0.0.202105311346/tools/bin/../lib/gcc/arm-none-eabi/9.3.1/thumb/v7e-m+fp/hard/crti.o
                0x0000000008004ba0                _fini
 .fini          0x0000000008004ba4        0x8 c:/st/stm32cubeide_1.6.1/stm32cubeide/plugins/com.st.stm32cube.ide.mcu.externaltools.gnu-tools-for-stm32.9-2020-q2-update.win32_2.0.0.202105311346/tools/bin/../lib/gcc/arm-none-eabi/9.3.1/thumb/v7e-m+fp/hard/crtn.o
                0x0000000008004bac                . = ALIGN (0x4)
                0x0000000008004bac                _etext = .

.vfp11_veneer   0x0000000008004bac        0x0
 .vfp11_veneer  0x0000000008004bac        0x0 linker stubs

.v4_bx          0x0000000008004bac        0x0
 .v4_bx         0x0000000008004bac        0x0 linker stubs

.iplt           0x0000000008004bac        0x0
 .iplt          0x0000000008004bac        0x0 c:/st/stm32cubeide_1.6.1/stm32cubeide/plugins/com.st.stm32cube.ide.mcu.externaltools.gnu-tools-for-stm32.9-2020-q2-update.win32_2.0.0.202105311346/tools/bin/../lib/gcc/arm-none-eabi/9.3.1/thumb/v7e-m+fp/hard/crtbegin.o

.rodata         0x0000000008004bac       0x90
                0x0000000008004bac                . = ALIGN (0x4)
 *(.rodata)
 .rodata        0x0000000008004bac       0x4a ./Core/Src/main.o
 *(.rodata*)
 *fill*         0x0000000008004bf6        0x2 
 .rodata.AHBPrescTable
                0x0000000008004bf8       0x10 ./Core/Src/system_stm32f4xx.o
                0x0000000008004bf8                AHBPrescTable
 .rodata._svfprintf_r.str1.1
                0x0000000008004c08       0x11 c:/st/stm32cubeide_1.6.1/stm32cubeide/plugins/com.st.stm32cube.ide.mcu.externaltools.gnu-tools-for-stm32.9-2020-q2-update.win32_2.0.0.202105311346/tools/bin/../lib/gcc/arm-none-eabi/9.3.1/../../../../arm-none-eabi/lib/thumb/v7e-m+fp/hard\libc_nano.a(lib_a-nano-svfprintf.o)
 .rodata._printf_i.str1.1
                0x0000000008004c19       0x22 c:/st/stm32cubeide_1.6.1/stm32cubeide/plugins/com.st.stm32cube.ide.mcu.externaltools.gnu-tools-for-stm32.9-2020-q2-update.win32_2.0.0.202105311346/tools/bin/../lib/gcc/arm-none-eabi/9.3.1/../../../../arm-none-eabi/lib/thumb/v7e-m+fp/hard\libc_nano.a(lib_a-nano-vfprintf_i.o)
                0x0000000008004c3c                . = ALIGN (0x4)
 *fill*         0x0000000008004c3b        0x1 

.ARM.extab      0x0000000008004c3c        0x0
                0x0000000008004c3c                . = ALIGN (0x4)
 *(.ARM.extab* .gnu.linkonce.armextab.*)
                0x0000000008004c3c                . = ALIGN (0x4)

.ARM            0x0000000008004c3c        0x8
                0x0000000008004c3c                . = ALIGN (0x4)
                0x0000000008004c3c                __exidx_start = .
 *(.ARM.exidx*)
 .ARM.exidx     0x0000000008004c3c        0x8 c:/st/stm32cubeide_1.6.1/stm32cubeide/plugins/com.st.stm32cube.ide.mcu.externaltools.gnu-tools-for-stm32.9-2020-q2-update.win32_2.0.0.202105311346/tools/bin/../lib/gcc/arm-none-eabi/9.3.1/thumb/v7e-m+fp/hard\libgcc.a(_udivmoddi4.o)
                0x0000000008004c44                __exidx_end = .
                0x0000000008004c44                . = ALIGN (0x4)

.rel.dyn        0x0000000008004c44        0x0
 .rel.iplt      0x0000000008004c44        0x0 c:/st/stm32cubeide_1.6.1/stm32cubeide/plugins/com.st.stm32cube.ide.mcu.externaltools.gnu-tools-for-stm32.9-2020-q2-update.win32_2.0.0.202105311346/tools/bin/../lib/gcc/arm-none-eabi/9.3.1/thumb/v7e-m+fp/hard/crtbegin.o

.preinit_array  0x0000000008004c44        0x0
                0x0000000008004c44                . = ALIGN (0x4)
                0x0000000008004c44                PROVIDE (__preinit_array_start = .)
 *(.preinit_array*)
                0x0000000008004c44                PROVIDE (__preinit_array_end = .)
                0x0000000008004c44                . = ALIGN (0x4)

.init_array     0x0000000008004c44        0x4
                0x0000000008004c44                . = ALIGN (0x4)
                0x0000000008004c44                PROVIDE (__init_array_start = .)
 *(SORT_BY_NAME(.init_array.*))
 *(.init_array*)
 .init_array    0x0000000008004c44        0x4 c:/st/stm32cubeide_1.6.1/stm32cubeide/plugins/com.st.stm32cube.ide.mcu.externaltools.gnu-tools-for-stm32.9-2020-q2-update.win32_2.0.0.202105311346/tools/bin/../lib/gcc/arm-none-eabi/9.3.1/thumb/v7e-m+fp/hard/crtbegin.o
                0x0000000008004c48                PROVIDE (__init_array_end = .)
                0x0000000008004c48                . = ALIGN (0x4)

.fini_array     0x0000000008004c48        0x4
                0x0000000008004c48                . = ALIGN (0x4)
                [!provide]                        PROVIDE (__fini_array_start = .)
 *(SORT_BY_NAME(.fini_array.*))
 *(.fini_array*)
 .fini_array    0x0000000008004c48        0x4 c:/st/stm32cubeide_1.6.1/stm32cubeide/plugins/com.st.stm32cube.ide.mcu.externaltools.gnu-tools-for-stm32.9-2020-q2-update.win32_2.0.0.202105311346/tools/bin/../lib/gcc/arm-none-eabi/9.3.1/thumb/v7e-m+fp/hard/crtbegin.o
                [!provide]                        PROVIDE (__fini_array_end = .)
                0x0000000008004c4c                . = ALIGN (0x4)
                0x0000000008004c4c                _sidata = LOADADDR (.data)

.data           0x0000000020000000       0x78 load address 0x0000000008004c4c
                0x0000000020000000                . = ALIGN (0x4)
                0x0000000020000000                _sdata = .
 *(.data)
 *(.data*)
 .data.is8BitsMode
                0x0000000020000000        0x1 ./Core/Src/lcd16x2.o
 .data.DisplayControl
                0x0000000020000001        0x1 ./Core/Src/lcd16x2.o
 .data.FunctionSet
                0x0000000020000002        0x1 ./Core/Src/lcd16x2.o
 *fill*         0x0000000020000003        0x1 
 .data.NUM_EFFECTS
                0x0000000020000004        0x4 ./Core/Src/main.o
                0x0000000020000004                NUM_EFFECTS
 .data.SystemCoreClock
                0x0000000020000008        0x4 ./Core/Src/system_stm32f4xx.o
                0x0000000020000008                SystemCoreClock
 .data.uwTickPrio
                0x000000002000000c        0x4 ./Drivers/STM32F4xx_HAL_Driver/Src/stm32f4xx_hal.o
                0x000000002000000c                uwTickPrio
 .data.uwTickFreq
                0x0000000020000010        0x1 ./Drivers/STM32F4xx_HAL_Driver/Src/stm32f4xx_hal.o
                0x0000000020000010                uwTickFreq
 *fill*         0x0000000020000011        0x3 
 .data._impure_ptr
                0x0000000020000014        0x4 c:/st/stm32cubeide_1.6.1/stm32cubeide/plugins/com.st.stm32cube.ide.mcu.externaltools.gnu-tools-for-stm32.9-2020-q2-update.win32_2.0.0.202105311346/tools/bin/../lib/gcc/arm-none-eabi/9.3.1/../../../../arm-none-eabi/lib/thumb/v7e-m+fp/hard\libc_nano.a(lib_a-impure.o)
                0x0000000020000014                _impure_ptr
 .data.impure_data
                0x0000000020000018       0x60 c:/st/stm32cubeide_1.6.1/stm32cubeide/plugins/com.st.stm32cube.ide.mcu.externaltools.gnu-tools-for-stm32.9-2020-q2-update.win32_2.0.0.202105311346/tools/bin/../lib/gcc/arm-none-eabi/9.3.1/../../../../arm-none-eabi/lib/thumb/v7e-m+fp/hard\libc_nano.a(lib_a-impure.o)
 *(.RamFunc)
 *(.RamFunc*)
                0x0000000020000078                . = ALIGN (0x4)
                0x0000000020000078                _edata = .

.igot.plt       0x0000000020000078        0x0 load address 0x0000000008004cc4
 .igot.plt      0x0000000020000078        0x0 c:/st/stm32cubeide_1.6.1/stm32cubeide/plugins/com.st.stm32cube.ide.mcu.externaltools.gnu-tools-for-stm32.9-2020-q2-update.win32_2.0.0.202105311346/tools/bin/../lib/gcc/arm-none-eabi/9.3.1/thumb/v7e-m+fp/hard/crtbegin.o
                0x0000000020000078                . = ALIGN (0x4)

.bss            0x0000000020000078      0x1e8 load address 0x0000000008004cc4
                0x0000000020000078                _sbss = .
                0x0000000020000078                __bss_start__ = _sbss
 *(.bss)
 .bss           0x0000000020000078       0x1c c:/st/stm32cubeide_1.6.1/stm32cubeide/plugins/com.st.stm32cube.ide.mcu.externaltools.gnu-tools-for-stm32.9-2020-q2-update.win32_2.0.0.202105311346/tools/bin/../lib/gcc/arm-none-eabi/9.3.1/thumb/v7e-m+fp/hard/crtbegin.o
 *(.bss*)
 .bss.PORT_RS_and_E
                0x0000000020000094        0x4 ./Core/Src/lcd16x2.o
 .bss.PIN_RS    0x0000000020000098        0x2 ./Core/Src/lcd16x2.o
 .bss.PIN_E     0x000000002000009a        0x2 ./Core/Src/lcd16x2.o
 .bss.PORT_LSB  0x000000002000009c        0x4 ./Core/Src/lcd16x2.o
 .bss.D0_PIN    0x00000000200000a0        0x2 ./Core/Src/lcd16x2.o
 .bss.D1_PIN    0x00000000200000a2        0x2 ./Core/Src/lcd16x2.o
 .bss.D2_PIN    0x00000000200000a4        0x2 ./Core/Src/lcd16x2.o
 .bss.D3_PIN    0x00000000200000a6        0x2 ./Core/Src/lcd16x2.o
 .bss.PORT_MSB  0x00000000200000a8        0x4 ./Core/Src/lcd16x2.o
 .bss.D4_PIN    0x00000000200000ac        0x2 ./Core/Src/lcd16x2.o
 .bss.D5_PIN    0x00000000200000ae        0x2 ./Core/Src/lcd16x2.o
 .bss.D6_PIN    0x00000000200000b0        0x2 ./Core/Src/lcd16x2.o
 .bss.D7_PIN    0x00000000200000b2        0x2 ./Core/Src/lcd16x2.o
 .bss.counter   0x00000000200000b4        0x4 ./Core/Src/main.o
                0x00000000200000b4                counter
 .bss.count     0x00000000200000b8        0x2 ./Core/Src/main.o
                0x00000000200000b8                count
 .bss.state     0x00000000200000ba        0x2 ./Core/Src/main.o
                0x00000000200000ba                state
 .bss.position  0x00000000200000bc        0x2 ./Core/Src/main.o
                0x00000000200000bc                position
 .bss.clear_flag
                0x00000000200000be        0x1 ./Core/Src/main.o
                0x00000000200000be                clear_flag
 .bss.loop_on   0x00000000200000bf        0x1 ./Core/Src/main.o
                0x00000000200000bf                loop_on
 .bss.__sbrk_heap_end
                0x00000000200000c0        0x4 ./Core/Src/sysmem.o
 .bss.__malloc_free_list
                0x00000000200000c4        0x4 c:/st/stm32cubeide_1.6.1/stm32cubeide/plugins/com.st.stm32cube.ide.mcu.externaltools.gnu-tools-for-stm32.9-2020-q2-update.win32_2.0.0.202105311346/tools/bin/../lib/gcc/arm-none-eabi/9.3.1/../../../../arm-none-eabi/lib/thumb/v7e-m+fp/hard\libc_nano.a(lib_a-nano-mallocr.o)
                0x00000000200000c4                __malloc_free_list
 .bss.__malloc_sbrk_start
                0x00000000200000c8        0x4 c:/st/stm32cubeide_1.6.1/stm32cubeide/plugins/com.st.stm32cube.ide.mcu.externaltools.gnu-tools-for-stm32.9-2020-q2-update.win32_2.0.0.202105311346/tools/bin/../lib/gcc/arm-none-eabi/9.3.1/../../../../arm-none-eabi/lib/thumb/v7e-m+fp/hard\libc_nano.a(lib_a-nano-mallocr.o)
                0x00000000200000c8                __malloc_sbrk_start
 *(COMMON)
 COMMON         0x00000000200000cc      0x180 ./Core/Src/main.o
                0x00000000200000cc                hadc2
                0x0000000020000114                potValues
                0x0000000020000120                scaledValuePC
                0x0000000020000124                scaledValuePA
                0x0000000020000128                scaledValuePB
                0x000000002000012c                htim3
                0x0000000020000174                hadc1
                0x00000000200001bc                hadc3
                0x0000000020000204                htim2
 COMMON         0x000000002000024c        0x4 ./Drivers/STM32F4xx_HAL_Driver/Src/stm32f4xx_hal.o
                0x000000002000024c                uwTick
 COMMON         0x0000000020000250        0x4 c:/st/stm32cubeide_1.6.1/stm32cubeide/plugins/com.st.stm32cube.ide.mcu.externaltools.gnu-tools-for-stm32.9-2020-q2-update.win32_2.0.0.202105311346/tools/bin/../lib/gcc/arm-none-eabi/9.3.1/../../../../arm-none-eabi/lib/thumb/v7e-m+fp/hard\libc_nano.a(lib_a-reent.o)
                0x0000000020000250                errno
 COMMON         0x0000000020000254        0x9 c:/st/stm32cubeide_1.6.1/stm32cubeide/plugins/com.st.stm32cube.ide.mcu.externaltools.gnu-tools-for-stm32.9-2020-q2-update.win32_2.0.0.202105311346/tools/bin/../lib/gcc/arm-none-eabi/9.3.1/../../../../arm-none-eabi/lib/thumb/v7e-m+fp/hard\libc_nano.a(lib_a-lock.o)
                0x0000000020000254                __lock___atexit_recursive_mutex
                0x0000000020000255                __lock___arc4random_mutex
                0x0000000020000256                __lock___env_recursive_mutex
                0x0000000020000257                __lock___sinit_recursive_mutex
                0x0000000020000258                __lock___malloc_recursive_mutex
                0x0000000020000259                __lock___at_quick_exit_mutex
                0x000000002000025a                __lock___dd_hash_mutex
                0x000000002000025b                __lock___tz_mutex
                0x000000002000025c                __lock___sfp_recursive_mutex
                0x0000000020000260                . = ALIGN (0x4)
 *fill*         0x000000002000025d        0x3 
                0x0000000020000260                _ebss = .
                0x0000000020000260                __bss_end__ = _ebss

._user_heap_stack
                0x0000000020000260      0x600 load address 0x0000000008004cc4
                0x0000000020000260                . = ALIGN (0x8)
                [!provide]                        PROVIDE (end = .)
                0x0000000020000260                PROVIDE (_end = .)
                0x0000000020000460                . = (. + _Min_Heap_Size)
 *fill*         0x0000000020000260      0x200 
                0x0000000020000860                . = (. + _Min_Stack_Size)
 *fill*         0x0000000020000460      0x400 
                0x0000000020000860                . = ALIGN (0x8)

/DISCARD/
 libc.a(*)
 libm.a(*)
 libgcc.a(*)

.ARM.attributes
                0x0000000000000000       0x30
 *(.ARM.attributes)
 .ARM.attributes
                0x0000000000000000       0x1e c:/st/stm32cubeide_1.6.1/stm32cubeide/plugins/com.st.stm32cube.ide.mcu.externaltools.gnu-tools-for-stm32.9-2020-q2-update.win32_2.0.0.202105311346/tools/bin/../lib/gcc/arm-none-eabi/9.3.1/thumb/v7e-m+fp/hard/crti.o
 .ARM.attributes
                0x000000000000001e       0x34 c:/st/stm32cubeide_1.6.1/stm32cubeide/plugins/com.st.stm32cube.ide.mcu.externaltools.gnu-tools-for-stm32.9-2020-q2-update.win32_2.0.0.202105311346/tools/bin/../lib/gcc/arm-none-eabi/9.3.1/thumb/v7e-m+fp/hard/crtbegin.o
 .ARM.attributes
                0x0000000000000052       0x34 ./Core/Src/lcd16x2.o
 .ARM.attributes
                0x0000000000000086       0x34 ./Core/Src/main.o
 .ARM.attributes
                0x00000000000000ba       0x34 ./Core/Src/stm32f4xx_hal_msp.o
 .ARM.attributes
                0x00000000000000ee       0x34 ./Core/Src/stm32f4xx_it.o
 .ARM.attributes
                0x0000000000000122       0x34 ./Core/Src/sysmem.o
 .ARM.attributes
                0x0000000000000156       0x34 ./Core/Src/system_stm32f4xx.o
 .ARM.attributes
                0x000000000000018a       0x21 ./Core/Startup/startup_stm32f446retx.o
 .ARM.attributes
                0x00000000000001ab       0x34 ./Drivers/STM32F4xx_HAL_Driver/Src/stm32f4xx_hal.o
 .ARM.attributes
                0x00000000000001df       0x34 ./Drivers/STM32F4xx_HAL_Driver/Src/stm32f4xx_hal_adc.o
 .ARM.attributes
                0x0000000000000213       0x34 ./Drivers/STM32F4xx_HAL_Driver/Src/stm32f4xx_hal_cortex.o
 .ARM.attributes
                0x0000000000000247       0x34 ./Drivers/STM32F4xx_HAL_Driver/Src/stm32f4xx_hal_gpio.o
 .ARM.attributes
                0x000000000000027b       0x34 ./Drivers/STM32F4xx_HAL_Driver/Src/stm32f4xx_hal_rcc.o
 .ARM.attributes
                0x00000000000002af       0x34 ./Drivers/STM32F4xx_HAL_Driver/Src/stm32f4xx_hal_rcc_ex.o
 .ARM.attributes
                0x00000000000002e3       0x34 ./Drivers/STM32F4xx_HAL_Driver/Src/stm32f4xx_hal_tim.o
 .ARM.attributes
                0x0000000000000317       0x34 ./Drivers/STM32F4xx_HAL_Driver/Src/stm32f4xx_hal_tim_ex.o
 .ARM.attributes
                0x000000000000034b       0x34 c:/st/stm32cubeide_1.6.1/stm32cubeide/plugins/com.st.stm32cube.ide.mcu.externaltools.gnu-tools-for-stm32.9-2020-q2-update.win32_2.0.0.202105311346/tools/bin/../lib/gcc/arm-none-eabi/9.3.1/../../../../arm-none-eabi/lib/thumb/v7e-m+fp/hard\libc_nano.a(lib_a-errno.o)
 .ARM.attributes
                0x000000000000037f       0x32 c:/st/stm32cubeide_1.6.1/stm32cubeide/plugins/com.st.stm32cube.ide.mcu.externaltools.gnu-tools-for-stm32.9-2020-q2-update.win32_2.0.0.202105311346/tools/bin/../lib/gcc/arm-none-eabi/9.3.1/../../../../arm-none-eabi/lib/thumb/v7e-m+fp/hard\libc_nano.a(lib_a-impure.o)
 .ARM.attributes
                0x00000000000003b1       0x34 c:/st/stm32cubeide_1.6.1/stm32cubeide/plugins/com.st.stm32cube.ide.mcu.externaltools.gnu-tools-for-stm32.9-2020-q2-update.win32_2.0.0.202105311346/tools/bin/../lib/gcc/arm-none-eabi/9.3.1/../../../../arm-none-eabi/lib/thumb/v7e-m+fp/hard\libc_nano.a(lib_a-init.o)
 .ARM.attributes
                0x00000000000003e5       0x34 c:/st/stm32cubeide_1.6.1/stm32cubeide/plugins/com.st.stm32cube.ide.mcu.externaltools.gnu-tools-for-stm32.9-2020-q2-update.win32_2.0.0.202105311346/tools/bin/../lib/gcc/arm-none-eabi/9.3.1/../../../../arm-none-eabi/lib/thumb/v7e-m+fp/hard\libc_nano.a(lib_a-memset.o)
 .ARM.attributes
                0x0000000000000419       0x17 c:/st/stm32cubeide_1.6.1/stm32cubeide/plugins/com.st.stm32cube.ide.mcu.externaltools.gnu-tools-for-stm32.9-2020-q2-update.win32_2.0.0.202105311346/tools/bin/../lib/gcc/arm-none-eabi/9.3.1/../../../../arm-none-eabi/lib/thumb/v7e-m+fp/hard\libc_nano.a(lib_a-strlen.o)
 .ARM.attributes
                0x0000000000000430       0x34 c:/st/stm32cubeide_1.6.1/stm32cubeide/plugins/com.st.stm32cube.ide.mcu.externaltools.gnu-tools-for-stm32.9-2020-q2-update.win32_2.0.0.202105311346/tools/bin/../lib/gcc/arm-none-eabi/9.3.1/../../../../arm-none-eabi/lib/thumb/v7e-m+fp/hard\libc_nano.a(lib_a-vsprintf.o)
 .ARM.attributes
                0x0000000000000464       0x34 c:/st/stm32cubeide_1.6.1/stm32cubeide/plugins/com.st.stm32cube.ide.mcu.externaltools.gnu-tools-for-stm32.9-2020-q2-update.win32_2.0.0.202105311346/tools/bin/../lib/gcc/arm-none-eabi/9.3.1/../../../../arm-none-eabi/lib/thumb/v7e-m+fp/hard\libc_nano.a(lib_a-nano-svfprintf.o)
 .ARM.attributes
                0x0000000000000498       0x34 c:/st/stm32cubeide_1.6.1/stm32cubeide/plugins/com.st.stm32cube.ide.mcu.externaltools.gnu-tools-for-stm32.9-2020-q2-update.win32_2.0.0.202105311346/tools/bin/../lib/gcc/arm-none-eabi/9.3.1/../../../../arm-none-eabi/lib/thumb/v7e-m+fp/hard\libc_nano.a(lib_a-nano-vfprintf_i.o)
 .ARM.attributes
                0x00000000000004cc       0x1c c:/st/stm32cubeide_1.6.1/stm32cubeide/plugins/com.st.stm32cube.ide.mcu.externaltools.gnu-tools-for-stm32.9-2020-q2-update.win32_2.0.0.202105311346/tools/bin/../lib/gcc/arm-none-eabi/9.3.1/../../../../arm-none-eabi/lib/thumb/v7e-m+fp/hard\libc_nano.a(lib_a-memchr.o)
 .ARM.attributes
                0x00000000000004e8       0x34 c:/st/stm32cubeide_1.6.1/stm32cubeide/plugins/com.st.stm32cube.ide.mcu.externaltools.gnu-tools-for-stm32.9-2020-q2-update.win32_2.0.0.202105311346/tools/bin/../lib/gcc/arm-none-eabi/9.3.1/../../../../arm-none-eabi/lib/thumb/v7e-m+fp/hard\libc_nano.a(lib_a-memcpy-stub.o)
 .ARM.attributes
                0x000000000000051c       0x34 c:/st/stm32cubeide_1.6.1/stm32cubeide/plugins/com.st.stm32cube.ide.mcu.externaltools.gnu-tools-for-stm32.9-2020-q2-update.win32_2.0.0.202105311346/tools/bin/../lib/gcc/arm-none-eabi/9.3.1/../../../../arm-none-eabi/lib/thumb/v7e-m+fp/hard\libc_nano.a(lib_a-memmove.o)
 .ARM.attributes
                0x0000000000000550       0x34 c:/st/stm32cubeide_1.6.1/stm32cubeide/plugins/com.st.stm32cube.ide.mcu.externaltools.gnu-tools-for-stm32.9-2020-q2-update.win32_2.0.0.202105311346/tools/bin/../lib/gcc/arm-none-eabi/9.3.1/../../../../arm-none-eabi/lib/thumb/v7e-m+fp/hard\libc_nano.a(lib_a-nano-freer.o)
 .ARM.attributes
                0x0000000000000584       0x34 c:/st/stm32cubeide_1.6.1/stm32cubeide/plugins/com.st.stm32cube.ide.mcu.externaltools.gnu-tools-for-stm32.9-2020-q2-update.win32_2.0.0.202105311346/tools/bin/../lib/gcc/arm-none-eabi/9.3.1/../../../../arm-none-eabi/lib/thumb/v7e-m+fp/hard\libc_nano.a(lib_a-nano-mallocr.o)
 .ARM.attributes
                0x00000000000005b8       0x34 c:/st/stm32cubeide_1.6.1/stm32cubeide/plugins/com.st.stm32cube.ide.mcu.externaltools.gnu-tools-for-stm32.9-2020-q2-update.win32_2.0.0.202105311346/tools/bin/../lib/gcc/arm-none-eabi/9.3.1/../../../../arm-none-eabi/lib/thumb/v7e-m+fp/hard\libc_nano.a(lib_a-nano-reallocr.o)
 .ARM.attributes
                0x00000000000005ec       0x34 c:/st/stm32cubeide_1.6.1/stm32cubeide/plugins/com.st.stm32cube.ide.mcu.externaltools.gnu-tools-for-stm32.9-2020-q2-update.win32_2.0.0.202105311346/tools/bin/../lib/gcc/arm-none-eabi/9.3.1/../../../../arm-none-eabi/lib/thumb/v7e-m+fp/hard\libc_nano.a(lib_a-sbrkr.o)
 .ARM.attributes
                0x0000000000000620       0x34 c:/st/stm32cubeide_1.6.1/stm32cubeide/plugins/com.st.stm32cube.ide.mcu.externaltools.gnu-tools-for-stm32.9-2020-q2-update.win32_2.0.0.202105311346/tools/bin/../lib/gcc/arm-none-eabi/9.3.1/../../../../arm-none-eabi/lib/thumb/v7e-m+fp/hard\libc_nano.a(lib_a-mlock.o)
 .ARM.attributes
                0x0000000000000654       0x34 c:/st/stm32cubeide_1.6.1/stm32cubeide/plugins/com.st.stm32cube.ide.mcu.externaltools.gnu-tools-for-stm32.9-2020-q2-update.win32_2.0.0.202105311346/tools/bin/../lib/gcc/arm-none-eabi/9.3.1/../../../../arm-none-eabi/lib/thumb/v7e-m+fp/hard\libc_nano.a(lib_a-nano-msizer.o)
 .ARM.attributes
                0x0000000000000688       0x34 c:/st/stm32cubeide_1.6.1/stm32cubeide/plugins/com.st.stm32cube.ide.mcu.externaltools.gnu-tools-for-stm32.9-2020-q2-update.win32_2.0.0.202105311346/tools/bin/../lib/gcc/arm-none-eabi/9.3.1/../../../../arm-none-eabi/lib/thumb/v7e-m+fp/hard\libc_nano.a(lib_a-reent.o)
 .ARM.attributes
                0x00000000000006bc       0x34 c:/st/stm32cubeide_1.6.1/stm32cubeide/plugins/com.st.stm32cube.ide.mcu.externaltools.gnu-tools-for-stm32.9-2020-q2-update.win32_2.0.0.202105311346/tools/bin/../lib/gcc/arm-none-eabi/9.3.1/../../../../arm-none-eabi/lib/thumb/v7e-m+fp/hard\libc_nano.a(lib_a-lock.o)
 .ARM.attributes
                0x00000000000006f0       0x1e c:/st/stm32cubeide_1.6.1/stm32cubeide/plugins/com.st.stm32cube.ide.mcu.externaltools.gnu-tools-for-stm32.9-2020-q2-update.win32_2.0.0.202105311346/tools/bin/../lib/gcc/arm-none-eabi/9.3.1/thumb/v7e-m+fp/hard\libgcc.a(_arm_muldf3.o)
 .ARM.attributes
                0x000000000000070e       0x1e c:/st/stm32cubeide_1.6.1/stm32cubeide/plugins/com.st.stm32cube.ide.mcu.externaltools.gnu-tools-for-stm32.9-2020-q2-update.win32_2.0.0.202105311346/tools/bin/../lib/gcc/arm-none-eabi/9.3.1/thumb/v7e-m+fp/hard\libgcc.a(_arm_addsubdf3.o)
 .ARM.attributes
                0x000000000000072c       0x1e c:/st/stm32cubeide_1.6.1/stm32cubeide/plugins/com.st.stm32cube.ide.mcu.externaltools.gnu-tools-for-stm32.9-2020-q2-update.win32_2.0.0.202105311346/tools/bin/../lib/gcc/arm-none-eabi/9.3.1/thumb/v7e-m+fp/hard\libgcc.a(_arm_fixunsdfsi.o)
 .ARM.attributes
                0x000000000000074a       0x1e c:/st/stm32cubeide_1.6.1/stm32cubeide/plugins/com.st.stm32cube.ide.mcu.externaltools.gnu-tools-for-stm32.9-2020-q2-update.win32_2.0.0.202105311346/tools/bin/../lib/gcc/arm-none-eabi/9.3.1/thumb/v7e-m+fp/hard\libgcc.a(_aeabi_uldivmod.o)
 .ARM.attributes
                0x0000000000000768       0x34 c:/st/stm32cubeide_1.6.1/stm32cubeide/plugins/com.st.stm32cube.ide.mcu.externaltools.gnu-tools-for-stm32.9-2020-q2-update.win32_2.0.0.202105311346/tools/bin/../lib/gcc/arm-none-eabi/9.3.1/thumb/v7e-m+fp/hard\libgcc.a(_udivmoddi4.o)
 .ARM.attributes
                0x000000000000079c       0x1e c:/st/stm32cubeide_1.6.1/stm32cubeide/plugins/com.st.stm32cube.ide.mcu.externaltools.gnu-tools-for-stm32.9-2020-q2-update.win32_2.0.0.202105311346/tools/bin/../lib/gcc/arm-none-eabi/9.3.1/thumb/v7e-m+fp/hard\libgcc.a(_dvmd_tls.o)
 .ARM.attributes
                0x00000000000007ba       0x1e c:/st/stm32cubeide_1.6.1/stm32cubeide/plugins/com.st.stm32cube.ide.mcu.externaltools.gnu-tools-for-stm32.9-2020-q2-update.win32_2.0.0.202105311346/tools/bin/../lib/gcc/arm-none-eabi/9.3.1/thumb/v7e-m+fp/hard/crtn.o
OUTPUT(Nucleo_LCD.elf elf32-littlearm)
LOAD linker stubs
LOAD c:/st/stm32cubeide_1.6.1/stm32cubeide/plugins/com.st.stm32cube.ide.mcu.externaltools.gnu-tools-for-stm32.9-2020-q2-update.win32_2.0.0.202105311346/tools/bin/../lib/gcc/arm-none-eabi/9.3.1/../../../../arm-none-eabi/lib/thumb/v7e-m+fp/hard\libc.a
LOAD c:/st/stm32cubeide_1.6.1/stm32cubeide/plugins/com.st.stm32cube.ide.mcu.externaltools.gnu-tools-for-stm32.9-2020-q2-update.win32_2.0.0.202105311346/tools/bin/../lib/gcc/arm-none-eabi/9.3.1/../../../../arm-none-eabi/lib/thumb/v7e-m+fp/hard\libm.a
LOAD c:/st/stm32cubeide_1.6.1/stm32cubeide/plugins/com.st.stm32cube.ide.mcu.externaltools.gnu-tools-for-stm32.9-2020-q2-update.win32_2.0.0.202105311346/tools/bin/../lib/gcc/arm-none-eabi/9.3.1/thumb/v7e-m+fp/hard\libgcc.a

.debug_info     0x0000000000000000     0xd88c
 .debug_info    0x0000000000000000     0x12e2 ./Core/Src/lcd16x2.o
 .debug_info    0x00000000000012e2     0x168c ./Core/Src/main.o
 .debug_info    0x000000000000296e     0x1160 ./Core/Src/stm32f4xx_hal_msp.o
 .debug_info    0x0000000000003ace      0x82b ./Core/Src/stm32f4xx_it.o
 .debug_info    0x00000000000042f9      0xa25 ./Core/Src/sysmem.o
 .debug_info    0x0000000000004d1e      0x5dc ./Core/Src/system_stm32f4xx.o
 .debug_info    0x00000000000052fa       0x22 ./Core/Startup/startup_stm32f446retx.o
 .debug_info    0x000000000000531c      0xa08 ./Drivers/STM32F4xx_HAL_Driver/Src/stm32f4xx_hal.o
 .debug_info    0x0000000000005d24      0xdbc ./Drivers/STM32F4xx_HAL_Driver/Src/stm32f4xx_hal_adc.o
 .debug_info    0x0000000000006ae0      0xef5 ./Drivers/STM32F4xx_HAL_Driver/Src/stm32f4xx_hal_cortex.o
 .debug_info    0x00000000000079d5      0x892 ./Drivers/STM32F4xx_HAL_Driver/Src/stm32f4xx_hal_gpio.o
 .debug_info    0x0000000000008267      0x9db ./Drivers/STM32F4xx_HAL_Driver/Src/stm32f4xx_hal_rcc.o
 .debug_info    0x0000000000008c42      0xa86 ./Drivers/STM32F4xx_HAL_Driver/Src/stm32f4xx_hal_rcc_ex.o
 .debug_info    0x00000000000096c8     0x2c22 ./Drivers/STM32F4xx_HAL_Driver/Src/stm32f4xx_hal_tim.o
 .debug_info    0x000000000000c2ea     0x15a2 ./Drivers/STM32F4xx_HAL_Driver/Src/stm32f4xx_hal_tim_ex.o

.debug_abbrev   0x0000000000000000     0x1ea9
 .debug_abbrev  0x0000000000000000      0x2eb ./Core/Src/lcd16x2.o
 .debug_abbrev  0x00000000000002eb      0x2ac ./Core/Src/main.o
 .debug_abbrev  0x0000000000000597      0x222 ./Core/Src/stm32f4xx_hal_msp.o
 .debug_abbrev  0x00000000000007b9      0x176 ./Core/Src/stm32f4xx_it.o
 .debug_abbrev  0x000000000000092f      0x1bf ./Core/Src/sysmem.o
 .debug_abbrev  0x0000000000000aee      0x145 ./Core/Src/system_stm32f4xx.o
 .debug_abbrev  0x0000000000000c33       0x12 ./Core/Startup/startup_stm32f446retx.o
 .debug_abbrev  0x0000000000000c45      0x1ed ./Drivers/STM32F4xx_HAL_Driver/Src/stm32f4xx_hal.o
 .debug_abbrev  0x0000000000000e32      0x22f ./Drivers/STM32F4xx_HAL_Driver/Src/stm32f4xx_hal_adc.o
 .debug_abbrev  0x0000000000001061      0x33c ./Drivers/STM32F4xx_HAL_Driver/Src/stm32f4xx_hal_cortex.o
 .debug_abbrev  0x000000000000139d      0x1f1 ./Drivers/STM32F4xx_HAL_Driver/Src/stm32f4xx_hal_gpio.o
 .debug_abbrev  0x000000000000158e      0x275 ./Drivers/STM32F4xx_HAL_Driver/Src/stm32f4xx_hal_rcc.o
 .debug_abbrev  0x0000000000001803      0x1e2 ./Drivers/STM32F4xx_HAL_Driver/Src/stm32f4xx_hal_rcc_ex.o
 .debug_abbrev  0x00000000000019e5      0x25e ./Drivers/STM32F4xx_HAL_Driver/Src/stm32f4xx_hal_tim.o
 .debug_abbrev  0x0000000000001c43      0x266 ./Drivers/STM32F4xx_HAL_Driver/Src/stm32f4xx_hal_tim_ex.o

.debug_aranges  0x0000000000000000      0xc18
 .debug_aranges
                0x0000000000000000       0xc8 ./Core/Src/lcd16x2.o
 .debug_aranges
                0x00000000000000c8       0xa0 ./Core/Src/main.o
 .debug_aranges
                0x0000000000000168       0x50 ./Core/Src/stm32f4xx_hal_msp.o
 .debug_aranges
                0x00000000000001b8       0x70 ./Core/Src/stm32f4xx_it.o
 .debug_aranges
                0x0000000000000228       0x20 ./Core/Src/sysmem.o
 .debug_aranges
                0x0000000000000248       0x28 ./Core/Src/system_stm32f4xx.o
 .debug_aranges
                0x0000000000000270       0x28 ./Core/Startup/startup_stm32f446retx.o
 .debug_aranges
                0x0000000000000298       0xf0 ./Drivers/STM32F4xx_HAL_Driver/Src/stm32f4xx_hal.o
 .debug_aranges
                0x0000000000000388       0xe8 ./Drivers/STM32F4xx_HAL_Driver/Src/stm32f4xx_hal_adc.o
 .debug_aranges
                0x0000000000000470      0x118 ./Drivers/STM32F4xx_HAL_Driver/Src/stm32f4xx_hal_cortex.o
 .debug_aranges
                0x0000000000000588       0x58 ./Drivers/STM32F4xx_HAL_Driver/Src/stm32f4xx_hal_gpio.o
 .debug_aranges
                0x00000000000005e0       0x88 ./Drivers/STM32F4xx_HAL_Driver/Src/stm32f4xx_hal_rcc.o
 .debug_aranges
                0x0000000000000668       0x78 ./Drivers/STM32F4xx_HAL_Driver/Src/stm32f4xx_hal_rcc_ex.o
 .debug_aranges
                0x00000000000006e0      0x3d0 ./Drivers/STM32F4xx_HAL_Driver/Src/stm32f4xx_hal_tim.o
 .debug_aranges
                0x0000000000000ab0      0x168 ./Drivers/STM32F4xx_HAL_Driver/Src/stm32f4xx_hal_tim_ex.o

.debug_ranges   0x0000000000000000      0xb30
 .debug_ranges  0x0000000000000000       0xb8 ./Core/Src/lcd16x2.o
 .debug_ranges  0x00000000000000b8       0x90 ./Core/Src/main.o
 .debug_ranges  0x0000000000000148       0x40 ./Core/Src/stm32f4xx_hal_msp.o
 .debug_ranges  0x0000000000000188       0x60 ./Core/Src/stm32f4xx_it.o
 .debug_ranges  0x00000000000001e8       0x10 ./Core/Src/sysmem.o
 .debug_ranges  0x00000000000001f8       0x18 ./Core/Src/system_stm32f4xx.o
 .debug_ranges  0x0000000000000210       0x20 ./Core/Startup/startup_stm32f446retx.o
 .debug_ranges  0x0000000000000230       0xe0 ./Drivers/STM32F4xx_HAL_Driver/Src/stm32f4xx_hal.o
 .debug_ranges  0x0000000000000310       0xd8 ./Drivers/STM32F4xx_HAL_Driver/Src/stm32f4xx_hal_adc.o
 .debug_ranges  0x00000000000003e8      0x108 ./Drivers/STM32F4xx_HAL_Driver/Src/stm32f4xx_hal_cortex.o
 .debug_ranges  0x00000000000004f0       0x48 ./Drivers/STM32F4xx_HAL_Driver/Src/stm32f4xx_hal_gpio.o
 .debug_ranges  0x0000000000000538       0x78 ./Drivers/STM32F4xx_HAL_Driver/Src/stm32f4xx_hal_rcc.o
 .debug_ranges  0x00000000000005b0       0x68 ./Drivers/STM32F4xx_HAL_Driver/Src/stm32f4xx_hal_rcc_ex.o
 .debug_ranges  0x0000000000000618      0x3c0 ./Drivers/STM32F4xx_HAL_Driver/Src/stm32f4xx_hal_tim.o
 .debug_ranges  0x00000000000009d8      0x158 ./Drivers/STM32F4xx_HAL_Driver/Src/stm32f4xx_hal_tim_ex.o

.debug_macro    0x0000000000000000    0x2326b
 .debug_macro   0x0000000000000000      0x42e ./Core/Src/lcd16x2.o
 .debug_macro   0x000000000000042e      0xaa8 ./Core/Src/lcd16x2.o
 .debug_macro   0x0000000000000ed6       0x22 ./Core/Src/lcd16x2.o
 .debug_macro   0x0000000000000ef8      0x29b ./Core/Src/lcd16x2.o
 .debug_macro   0x0000000000001193       0x2e ./Core/Src/lcd16x2.o
 .debug_macro   0x00000000000011c1       0x28 ./Core/Src/lcd16x2.o
 .debug_macro   0x00000000000011e9       0x22 ./Core/Src/lcd16x2.o
 .debug_macro   0x000000000000120b       0x8e ./Core/Src/lcd16x2.o
 .debug_macro   0x0000000000001299       0x51 ./Core/Src/lcd16x2.o
 .debug_macro   0x00000000000012ea      0x103 ./Core/Src/lcd16x2.o
 .debug_macro   0x00000000000013ed       0x6a ./Core/Src/lcd16x2.o
 .debug_macro   0x0000000000001457      0x1df ./Core/Src/lcd16x2.o
 .debug_macro   0x0000000000001636       0x1c ./Core/Src/lcd16x2.o
 .debug_macro   0x0000000000001652       0x22 ./Core/Src/lcd16x2.o
 .debug_macro   0x0000000000001674       0xdf ./Core/Src/lcd16x2.o
 .debug_macro   0x0000000000001753     0x102d ./Core/Src/lcd16x2.o
 .debug_macro   0x0000000000002780      0x11f ./Core/Src/lcd16x2.o
 .debug_macro   0x000000000000289f    0x16749 ./Core/Src/lcd16x2.o
 .debug_macro   0x0000000000018fe8       0x6d ./Core/Src/lcd16x2.o
 .debug_macro   0x0000000000019055     0x3666 ./Core/Src/lcd16x2.o
 .debug_macro   0x000000000001c6bb      0x174 ./Core/Src/lcd16x2.o
 .debug_macro   0x000000000001c82f       0x5c ./Core/Src/lcd16x2.o
 .debug_macro   0x000000000001c88b      0xc90 ./Core/Src/lcd16x2.o
 .debug_macro   0x000000000001d51b      0x9fe ./Core/Src/lcd16x2.o
 .debug_macro   0x000000000001df19      0x116 ./Core/Src/lcd16x2.o
 .debug_macro   0x000000000001e02f      0x1a0 ./Core/Src/lcd16x2.o
 .debug_macro   0x000000000001e1cf       0xa5 ./Core/Src/lcd16x2.o
 .debug_macro   0x000000000001e274      0x16d ./Core/Src/lcd16x2.o
 .debug_macro   0x000000000001e3e1      0x287 ./Core/Src/lcd16x2.o
 .debug_macro   0x000000000001e668       0x5f ./Core/Src/lcd16x2.o
 .debug_macro   0x000000000001e6c7      0x236 ./Core/Src/lcd16x2.o
 .debug_macro   0x000000000001e8fd      0xb5b ./Core/Src/lcd16x2.o
 .debug_macro   0x000000000001f458      0x38b ./Core/Src/lcd16x2.o
 .debug_macro   0x000000000001f7e3      0x17d ./Core/Src/lcd16x2.o
 .debug_macro   0x000000000001f960       0xf9 ./Core/Src/lcd16x2.o
 .debug_macro   0x000000000001fa59      0x132 ./Core/Src/lcd16x2.o
 .debug_macro   0x000000000001fb8b      0x29c ./Core/Src/lcd16x2.o
 .debug_macro   0x000000000001fe27       0x2e ./Core/Src/lcd16x2.o
 .debug_macro   0x000000000001fe55      0x11a ./Core/Src/lcd16x2.o
 .debug_macro   0x000000000001ff6f       0xe8 ./Core/Src/lcd16x2.o
 .debug_macro   0x0000000000020057       0x89 ./Core/Src/lcd16x2.o
 .debug_macro   0x00000000000200e0      0x8d1 ./Core/Src/lcd16x2.o
 .debug_macro   0x00000000000209b1       0x4d ./Core/Src/lcd16x2.o
 .debug_macro   0x00000000000209fe      0x126 ./Core/Src/lcd16x2.o
 .debug_macro   0x0000000000020b24       0xe2 ./Core/Src/lcd16x2.o
 .debug_macro   0x0000000000020c06       0x52 ./Core/Src/lcd16x2.o
 .debug_macro   0x0000000000020c58       0x18 ./Core/Src/lcd16x2.o
 .debug_macro   0x0000000000020c70       0x3c ./Core/Src/lcd16x2.o
 .debug_macro   0x0000000000020cac       0x34 ./Core/Src/lcd16x2.o
 .debug_macro   0x0000000000020ce0       0x16 ./Core/Src/lcd16x2.o
 .debug_macro   0x0000000000020cf6       0x43 ./Core/Src/lcd16x2.o
 .debug_macro   0x0000000000020d39       0x34 ./Core/Src/lcd16x2.o
 .debug_macro   0x0000000000020d6d       0x10 ./Core/Src/lcd16x2.o
 .debug_macro   0x0000000000020d7d       0x58 ./Core/Src/lcd16x2.o
 .debug_macro   0x0000000000020dd5       0x71 ./Core/Src/lcd16x2.o
 .debug_macro   0x0000000000020e46       0x1c ./Core/Src/lcd16x2.o
 .debug_macro   0x0000000000020e62      0x12a ./Core/Src/lcd16x2.o
 .debug_macro   0x0000000000020f8c      0x333 ./Core/Src/lcd16x2.o
 .debug_macro   0x00000000000212bf       0x10 ./Core/Src/lcd16x2.o
 .debug_macro   0x00000000000212cf       0x35 ./Core/Src/lcd16x2.o
 .debug_macro   0x0000000000021304       0x20 ./Core/Src/lcd16x2.o
 .debug_macro   0x0000000000021324       0x1c ./Core/Src/lcd16x2.o
 .debug_macro   0x0000000000021340       0x10 ./Core/Src/lcd16x2.o
 .debug_macro   0x0000000000021350       0x10 ./Core/Src/lcd16x2.o
 .debug_macro   0x0000000000021360       0x1c ./Core/Src/lcd16x2.o
 .debug_macro   0x000000000002137c       0x52 ./Core/Src/lcd16x2.o
 .debug_macro   0x00000000000213ce       0x22 ./Core/Src/lcd16x2.o
 .debug_macro   0x00000000000213f0       0x10 ./Core/Src/lcd16x2.o
 .debug_macro   0x0000000000021400       0x40 ./Core/Src/lcd16x2.o
 .debug_macro   0x0000000000021440       0xd5 ./Core/Src/lcd16x2.o
 .debug_macro   0x0000000000021515       0x1c ./Core/Src/lcd16x2.o
 .debug_macro   0x0000000000021531       0x3d ./Core/Src/lcd16x2.o
 .debug_macro   0x000000000002156e       0x16 ./Core/Src/lcd16x2.o
 .debug_macro   0x0000000000021584      0x145 ./Core/Src/lcd16x2.o
 .debug_macro   0x00000000000216c9       0x4c ./Core/Src/lcd16x2.o
 .debug_macro   0x0000000000021715      0x216 ./Core/Src/main.o
 .debug_macro   0x000000000002192b      0x212 ./Core/Src/stm32f4xx_hal_msp.o
 .debug_macro   0x0000000000021b3d      0x21c ./Core/Src/stm32f4xx_it.o
 .debug_macro   0x0000000000021d59       0xff ./Core/Src/sysmem.o
 .debug_macro   0x0000000000021e58      0x23b ./Core/Src/sysmem.o
 .debug_macro   0x0000000000022093      0x1ec ./Core/Src/system_stm32f4xx.o
 .debug_macro   0x000000000002227f      0x24c ./Drivers/STM32F4xx_HAL_Driver/Src/stm32f4xx_hal.o
 .debug_macro   0x00000000000224cb      0x1ed ./Drivers/STM32F4xx_HAL_Driver/Src/stm32f4xx_hal_adc.o
 .debug_macro   0x00000000000226b8      0x1ec ./Drivers/STM32F4xx_HAL_Driver/Src/stm32f4xx_hal_cortex.o
 .debug_macro   0x00000000000228a4      0x1f2 ./Drivers/STM32F4xx_HAL_Driver/Src/stm32f4xx_hal_gpio.o
 .debug_macro   0x0000000000022a96      0x210 ./Drivers/STM32F4xx_HAL_Driver/Src/stm32f4xx_hal_rcc.o
 .debug_macro   0x0000000000022ca6      0x1ec ./Drivers/STM32F4xx_HAL_Driver/Src/stm32f4xx_hal_rcc_ex.o
 .debug_macro   0x0000000000022e92      0x1ed ./Drivers/STM32F4xx_HAL_Driver/Src/stm32f4xx_hal_tim.o
 .debug_macro   0x000000000002307f      0x1ec ./Drivers/STM32F4xx_HAL_Driver/Src/stm32f4xx_hal_tim_ex.o

.debug_line     0x0000000000000000     0xdb5b
 .debug_line    0x0000000000000000      0xd02 ./Core/Src/lcd16x2.o
 .debug_line    0x0000000000000d02      0xb1a ./Core/Src/main.o
 .debug_line    0x000000000000181c      0x836 ./Core/Src/stm32f4xx_hal_msp.o
 .debug_line    0x0000000000002052      0x802 ./Core/Src/stm32f4xx_it.o
 .debug_line    0x0000000000002854      0x4f8 ./Core/Src/sysmem.o
 .debug_line    0x0000000000002d4c      0x777 ./Core/Src/system_stm32f4xx.o
 .debug_line    0x00000000000034c3       0x88 ./Core/Startup/startup_stm32f446retx.o
 .debug_line    0x000000000000354b      0x9dd ./Drivers/STM32F4xx_HAL_Driver/Src/stm32f4xx_hal.o
 .debug_line    0x0000000000003f28     0x126d ./Drivers/STM32F4xx_HAL_Driver/Src/stm32f4xx_hal_adc.o
 .debug_line    0x0000000000005195      0xc8c ./Drivers/STM32F4xx_HAL_Driver/Src/stm32f4xx_hal_cortex.o
 .debug_line    0x0000000000005e21      0xb3f ./Drivers/STM32F4xx_HAL_Driver/Src/stm32f4xx_hal_gpio.o
 .debug_line    0x0000000000006960      0xd65 ./Drivers/STM32F4xx_HAL_Driver/Src/stm32f4xx_hal_rcc.o
 .debug_line    0x00000000000076c5     0x13eb ./Drivers/STM32F4xx_HAL_Driver/Src/stm32f4xx_hal_rcc_ex.o
 .debug_line    0x0000000000008ab0     0x36d1 ./Drivers/STM32F4xx_HAL_Driver/Src/stm32f4xx_hal_tim.o
 .debug_line    0x000000000000c181     0x19da ./Drivers/STM32F4xx_HAL_Driver/Src/stm32f4xx_hal_tim_ex.o

.debug_str      0x0000000000000000    0xdbb54
 .debug_str     0x0000000000000000    0xd7f3e ./Core/Src/lcd16x2.o
                                      0xd82dd (size before relaxing)
 .debug_str     0x00000000000d7f3e     0x1048 ./Core/Src/main.o
                                      0xd4ce1 (size before relaxing)
 .debug_str     0x00000000000d8f86       0xc8 ./Core/Src/stm32f4xx_hal_msp.o
                                      0xd490a (size before relaxing)
 .debug_str     0x00000000000d904e       0xde ./Core/Src/stm32f4xx_it.o
                                      0xd40e1 (size before relaxing)
 .debug_str     0x00000000000d912c      0x4e9 ./Core/Src/sysmem.o
                                       0x62a7 (size before relaxing)
 .debug_str     0x00000000000d9615       0xaf ./Core/Src/system_stm32f4xx.o
                                      0xd3934 (size before relaxing)
 .debug_str     0x00000000000d96c4       0x36 ./Core/Startup/startup_stm32f446retx.o
                                         0x78 (size before relaxing)
 .debug_str     0x00000000000d96fa      0x588 ./Drivers/STM32F4xx_HAL_Driver/Src/stm32f4xx_hal.o
                                      0xd4457 (size before relaxing)
 .debug_str     0x00000000000d9c82      0x29d ./Drivers/STM32F4xx_HAL_Driver/Src/stm32f4xx_hal_adc.o
                                      0xd3ebb (size before relaxing)
 .debug_str     0x00000000000d9f1f      0x392 ./Drivers/STM32F4xx_HAL_Driver/Src/stm32f4xx_hal_cortex.o
                                      0xd4221 (size before relaxing)
 .debug_str     0x00000000000da2b1      0x131 ./Drivers/STM32F4xx_HAL_Driver/Src/stm32f4xx_hal_gpio.o
                                      0xd3adb (size before relaxing)
 .debug_str     0x00000000000da3e2      0x259 ./Drivers/STM32F4xx_HAL_Driver/Src/stm32f4xx_hal_rcc.o
                                      0xd3d3b (size before relaxing)
 .debug_str     0x00000000000da63b      0x324 ./Drivers/STM32F4xx_HAL_Driver/Src/stm32f4xx_hal_rcc_ex.o
                                      0xd3d98 (size before relaxing)
 .debug_str     0x00000000000da95f      0xd07 ./Drivers/STM32F4xx_HAL_Driver/Src/stm32f4xx_hal_tim.o
                                      0xd4c3e (size before relaxing)
 .debug_str     0x00000000000db666      0x4ee ./Drivers/STM32F4xx_HAL_Driver/Src/stm32f4xx_hal_tim_ex.o
                                      0xd43ef (size before relaxing)

.comment        0x0000000000000000       0x53
 .comment       0x0000000000000000       0x53 ./Core/Src/lcd16x2.o
                                         0x54 (size before relaxing)
 .comment       0x0000000000000053       0x54 ./Core/Src/main.o
 .comment       0x0000000000000053       0x54 ./Core/Src/stm32f4xx_hal_msp.o
 .comment       0x0000000000000053       0x54 ./Core/Src/stm32f4xx_it.o
 .comment       0x0000000000000053       0x54 ./Core/Src/sysmem.o
 .comment       0x0000000000000053       0x54 ./Core/Src/system_stm32f4xx.o
 .comment       0x0000000000000053       0x54 ./Drivers/STM32F4xx_HAL_Driver/Src/stm32f4xx_hal.o
 .comment       0x0000000000000053       0x54 ./Drivers/STM32F4xx_HAL_Driver/Src/stm32f4xx_hal_adc.o
 .comment       0x0000000000000053       0x54 ./Drivers/STM32F4xx_HAL_Driver/Src/stm32f4xx_hal_cortex.o
 .comment       0x0000000000000053       0x54 ./Drivers/STM32F4xx_HAL_Driver/Src/stm32f4xx_hal_gpio.o
 .comment       0x0000000000000053       0x54 ./Drivers/STM32F4xx_HAL_Driver/Src/stm32f4xx_hal_rcc.o
 .comment       0x0000000000000053       0x54 ./Drivers/STM32F4xx_HAL_Driver/Src/stm32f4xx_hal_rcc_ex.o
 .comment       0x0000000000000053       0x54 ./Drivers/STM32F4xx_HAL_Driver/Src/stm32f4xx_hal_tim.o
 .comment       0x0000000000000053       0x54 ./Drivers/STM32F4xx_HAL_Driver/Src/stm32f4xx_hal_tim_ex.o

.debug_frame    0x0000000000000000     0x36d8
 .debug_frame   0x0000000000000000      0x310 ./Core/Src/lcd16x2.o
 .debug_frame   0x0000000000000310      0x250 ./Core/Src/main.o
 .debug_frame   0x0000000000000560      0x114 ./Core/Src/stm32f4xx_hal_msp.o
 .debug_frame   0x0000000000000674      0x13c ./Core/Src/stm32f4xx_it.o
 .debug_frame   0x00000000000007b0       0x34 ./Core/Src/sysmem.o
 .debug_frame   0x00000000000007e4       0x58 ./Core/Src/system_stm32f4xx.o
 .debug_frame   0x000000000000083c      0x374 ./Drivers/STM32F4xx_HAL_Driver/Src/stm32f4xx_hal.o
 .debug_frame   0x0000000000000bb0      0x3fc ./Drivers/STM32F4xx_HAL_Driver/Src/stm32f4xx_hal_adc.o
 .debug_frame   0x0000000000000fac      0x498 ./Drivers/STM32F4xx_HAL_Driver/Src/stm32f4xx_hal_cortex.o
 .debug_frame   0x0000000000001444      0x14c ./Drivers/STM32F4xx_HAL_Driver/Src/stm32f4xx_hal_gpio.o
 .debug_frame   0x0000000000001590      0x1f0 ./Drivers/STM32F4xx_HAL_Driver/Src/stm32f4xx_hal_rcc.o
 .debug_frame   0x0000000000001780      0x1e8 ./Drivers/STM32F4xx_HAL_Driver/Src/stm32f4xx_hal_rcc_ex.o
 .debug_frame   0x0000000000001968     0x11c4 ./Drivers/STM32F4xx_HAL_Driver/Src/stm32f4xx_hal_tim.o
 .debug_frame   0x0000000000002b2c      0x638 ./Drivers/STM32F4xx_HAL_Driver/Src/stm32f4xx_hal_tim_ex.o
 .debug_frame   0x0000000000003164       0x20 c:/st/stm32cubeide_1.6.1/stm32cubeide/plugins/com.st.stm32cube.ide.mcu.externaltools.gnu-tools-for-stm32.9-2020-q2-update.win32_2.0.0.202105311346/tools/bin/../lib/gcc/arm-none-eabi/9.3.1/../../../../arm-none-eabi/lib/thumb/v7e-m+fp/hard\libc_nano.a(lib_a-errno.o)
 .debug_frame   0x0000000000003184       0x2c c:/st/stm32cubeide_1.6.1/stm32cubeide/plugins/com.st.stm32cube.ide.mcu.externaltools.gnu-tools-for-stm32.9-2020-q2-update.win32_2.0.0.202105311346/tools/bin/../lib/gcc/arm-none-eabi/9.3.1/../../../../arm-none-eabi/lib/thumb/v7e-m+fp/hard\libc_nano.a(lib_a-init.o)
 .debug_frame   0x00000000000031b0       0x20 c:/st/stm32cubeide_1.6.1/stm32cubeide/plugins/com.st.stm32cube.ide.mcu.externaltools.gnu-tools-for-stm32.9-2020-q2-update.win32_2.0.0.202105311346/tools/bin/../lib/gcc/arm-none-eabi/9.3.1/../../../../arm-none-eabi/lib/thumb/v7e-m+fp/hard\libc_nano.a(lib_a-memset.o)
 .debug_frame   0x00000000000031d0       0x3c c:/st/stm32cubeide_1.6.1/stm32cubeide/plugins/com.st.stm32cube.ide.mcu.externaltools.gnu-tools-for-stm32.9-2020-q2-update.win32_2.0.0.202105311346/tools/bin/../lib/gcc/arm-none-eabi/9.3.1/../../../../arm-none-eabi/lib/thumb/v7e-m+fp/hard\libc_nano.a(lib_a-vsprintf.o)
 .debug_frame   0x000000000000320c       0x90 c:/st/stm32cubeide_1.6.1/stm32cubeide/plugins/com.st.stm32cube.ide.mcu.externaltools.gnu-tools-for-stm32.9-2020-q2-update.win32_2.0.0.202105311346/tools/bin/../lib/gcc/arm-none-eabi/9.3.1/../../../../arm-none-eabi/lib/thumb/v7e-m+fp/hard\libc_nano.a(lib_a-nano-svfprintf.o)
 .debug_frame   0x000000000000329c       0x60 c:/st/stm32cubeide_1.6.1/stm32cubeide/plugins/com.st.stm32cube.ide.mcu.externaltools.gnu-tools-for-stm32.9-2020-q2-update.win32_2.0.0.202105311346/tools/bin/../lib/gcc/arm-none-eabi/9.3.1/../../../../arm-none-eabi/lib/thumb/v7e-m+fp/hard\libc_nano.a(lib_a-nano-vfprintf_i.o)
 .debug_frame   0x00000000000032fc       0x28 c:/st/stm32cubeide_1.6.1/stm32cubeide/plugins/com.st.stm32cube.ide.mcu.externaltools.gnu-tools-for-stm32.9-2020-q2-update.win32_2.0.0.202105311346/tools/bin/../lib/gcc/arm-none-eabi/9.3.1/../../../../arm-none-eabi/lib/thumb/v7e-m+fp/hard\libc_nano.a(lib_a-memcpy-stub.o)
 .debug_frame   0x0000000000003324       0x28 c:/st/stm32cubeide_1.6.1/stm32cubeide/plugins/com.st.stm32cube.ide.mcu.externaltools.gnu-tools-for-stm32.9-2020-q2-update.win32_2.0.0.202105311346/tools/bin/../lib/gcc/arm-none-eabi/9.3.1/../../../../arm-none-eabi/lib/thumb/v7e-m+fp/hard\libc_nano.a(lib_a-memmove.o)
 .debug_frame   0x000000000000334c       0x38 c:/st/stm32cubeide_1.6.1/stm32cubeide/plugins/com.st.stm32cube.ide.mcu.externaltools.gnu-tools-for-stm32.9-2020-q2-update.win32_2.0.0.202105311346/tools/bin/../lib/gcc/arm-none-eabi/9.3.1/../../../../arm-none-eabi/lib/thumb/v7e-m+fp/hard\libc_nano.a(lib_a-nano-freer.o)
 .debug_frame   0x0000000000003384       0x30 c:/st/stm32cubeide_1.6.1/stm32cubeide/plugins/com.st.stm32cube.ide.mcu.externaltools.gnu-tools-for-stm32.9-2020-q2-update.win32_2.0.0.202105311346/tools/bin/../lib/gcc/arm-none-eabi/9.3.1/../../../../arm-none-eabi/lib/thumb/v7e-m+fp/hard\libc_nano.a(lib_a-nano-mallocr.o)
 .debug_frame   0x00000000000033b4       0x3c c:/st/stm32cubeide_1.6.1/stm32cubeide/plugins/com.st.stm32cube.ide.mcu.externaltools.gnu-tools-for-stm32.9-2020-q2-update.win32_2.0.0.202105311346/tools/bin/../lib/gcc/arm-none-eabi/9.3.1/../../../../arm-none-eabi/lib/thumb/v7e-m+fp/hard\libc_nano.a(lib_a-nano-reallocr.o)
 .debug_frame   0x00000000000033f0       0x2c c:/st/stm32cubeide_1.6.1/stm32cubeide/plugins/com.st.stm32cube.ide.mcu.externaltools.gnu-tools-for-stm32.9-2020-q2-update.win32_2.0.0.202105311346/tools/bin/../lib/gcc/arm-none-eabi/9.3.1/../../../../arm-none-eabi/lib/thumb/v7e-m+fp/hard\libc_nano.a(lib_a-sbrkr.o)
 .debug_frame   0x000000000000341c       0x30 c:/st/stm32cubeide_1.6.1/stm32cubeide/plugins/com.st.stm32cube.ide.mcu.externaltools.gnu-tools-for-stm32.9-2020-q2-update.win32_2.0.0.202105311346/tools/bin/../lib/gcc/arm-none-eabi/9.3.1/../../../../arm-none-eabi/lib/thumb/v7e-m+fp/hard\libc_nano.a(lib_a-mlock.o)
 .debug_frame   0x000000000000344c       0x20 c:/st/stm32cubeide_1.6.1/stm32cubeide/plugins/com.st.stm32cube.ide.mcu.externaltools.gnu-tools-for-stm32.9-2020-q2-update.win32_2.0.0.202105311346/tools/bin/../lib/gcc/arm-none-eabi/9.3.1/../../../../arm-none-eabi/lib/thumb/v7e-m+fp/hard\libc_nano.a(lib_a-nano-msizer.o)
 .debug_frame   0x000000000000346c       0x5c c:/st/stm32cubeide_1.6.1/stm32cubeide/plugins/com.st.stm32cube.ide.mcu.externaltools.gnu-tools-for-stm32.9-2020-q2-update.win32_2.0.0.202105311346/tools/bin/../lib/gcc/arm-none-eabi/9.3.1/../../../../arm-none-eabi/lib/thumb/v7e-m+fp/hard\libc_nano.a(lib_a-reent.o)
 .debug_frame   0x00000000000034c8       0xb0 c:/st/stm32cubeide_1.6.1/stm32cubeide/plugins/com.st.stm32cube.ide.mcu.externaltools.gnu-tools-for-stm32.9-2020-q2-update.win32_2.0.0.202105311346/tools/bin/../lib/gcc/arm-none-eabi/9.3.1/../../../../arm-none-eabi/lib/thumb/v7e-m+fp/hard\libc_nano.a(lib_a-lock.o)
 .debug_frame   0x0000000000003578       0x30 c:/st/stm32cubeide_1.6.1/stm32cubeide/plugins/com.st.stm32cube.ide.mcu.externaltools.gnu-tools-for-stm32.9-2020-q2-update.win32_2.0.0.202105311346/tools/bin/../lib/gcc/arm-none-eabi/9.3.1/thumb/v7e-m+fp/hard\libgcc.a(_arm_muldf3.o)
 .debug_frame   0x00000000000035a8       0xac c:/st/stm32cubeide_1.6.1/stm32cubeide/plugins/com.st.stm32cube.ide.mcu.externaltools.gnu-tools-for-stm32.9-2020-q2-update.win32_2.0.0.202105311346/tools/bin/../lib/gcc/arm-none-eabi/9.3.1/thumb/v7e-m+fp/hard\libgcc.a(_arm_addsubdf3.o)
 .debug_frame   0x0000000000003654       0x24 c:/st/stm32cubeide_1.6.1/stm32cubeide/plugins/com.st.stm32cube.ide.mcu.externaltools.gnu-tools-for-stm32.9-2020-q2-update.win32_2.0.0.202105311346/tools/bin/../lib/gcc/arm-none-eabi/9.3.1/thumb/v7e-m+fp/hard\libgcc.a(_arm_fixunsdfsi.o)
 .debug_frame   0x0000000000003678       0x2c c:/st/stm32cubeide_1.6.1/stm32cubeide/plugins/com.st.stm32cube.ide.mcu.externaltools.gnu-tools-for-stm32.9-2020-q2-update.win32_2.0.0.202105311346/tools/bin/../lib/gcc/arm-none-eabi/9.3.1/thumb/v7e-m+fp/hard\libgcc.a(_aeabi_uldivmod.o)
 .debug_frame   0x00000000000036a4       0x34 c:/st/stm32cubeide_1.6.1/stm32cubeide/plugins/com.st.stm32cube.ide.mcu.externaltools.gnu-tools-for-stm32.9-2020-q2-update.win32_2.0.0.202105311346/tools/bin/../lib/gcc/arm-none-eabi/9.3.1/thumb/v7e-m+fp/hard\libgcc.a(_udivmoddi4.o)
