22:02:25 **** Incremental Build of configuration Debug for project Nucleo_LCD ****
make -j8 all 
arm-none-eabi-gcc "../Core/Src/main.c" -mcpu=cortex-m4 -std=gnu11 -g3 -DDEBUG -DUSE_HAL_DRIVER -DSTM32F446xx -c -I../Core/Inc -I../Drivers/STM32F4xx_HAL_Driver/Inc -I../Drivers/STM32F4xx_HAL_Driver/Inc/Legacy -I../Drivers/CMSIS/Device/ST/STM32F4xx/Include -I../Drivers/CMSIS/Include -O0 -ffunction-sections -fdata-sections -Wall -fstack-usage -MMD -MP -MF"Core/Src/main.d" -MT"Core/Src/main.o" --specs=nano.specs -mfpu=fpv4-sp-d16 -mfloat-abi=hard -mthumb -o "Core/Src/main.o"
arm-none-eabi-g++ -o "Nucleo_LCD.elf" @"objects.list"   -mcpu=cortex-m4 -T"C:\Users\diego\Desktop\SeniorDesign\SeniorDesign\Nucleo_LCD\STM32F446RETX_FLASH.ld" --specs=nosys.specs -Wl,-Map="Nucleo_LCD.map" -Wl,--gc-sections -static --specs=nano.specs -mfpu=fpv4-sp-d16 -mfloat-abi=hard -mthumb -Wl,--start-group -lc -lm -lstdc++ -lsupc++ -Wl,--end-group
Finished building target: Nucleo_LCD.elf
 
arm-none-eabi-size   Nucleo_LCD.elf 
arm-none-eabi-objdump -h -S  Nucleo_LCD.elf  > "Nucleo_LCD.list"
arm-none-eabi-objcopy  -O binary  Nucleo_LCD.elf  "Nucleo_LCD.bin"
   text	   data	    bss	    dec	    hex	filename
  18276	    128	   1952	  20356	   4f84	Nucleo_LCD.elf
Finished building: default.size.stdout
 
Finished building: Nucleo_LCD.bin
 
Finished building: Nucleo_LCD.list
 

22:02:26 Build Finished. 0 errors, 0 warnings. (took 1s.475ms)

